

================================================================
== Synthesis Summary Report of 'orr'
================================================================
+ General Information: 
    * Date:           Thu Oct  1 14:42:12 2026
    * Version:        2025.2 (Build 6295257 on Nov 14 2025)
    * Project:        ORR
    * Solution:       hls (Vivado IP Flow Target)
    * Product family: artix7
    * Target device:  xc7a35t-ftg256-1
    

* Performance & Resource Estimates: 
+--------+------+---------------+----------+---------+------+----------+---------+-------+------+------+----+---+----------+-----+
| Modules| Issue|               | Iteration|         | Trip |          |     Latency     |      |      |    |   |          |     |
| & Loops| Type | Violation Type|  Latency | Interval| Count| Pipelined| (cycles)|  (ns) | Slack| BRAM | DSP| FF|    LUT   | URAM|
+--------+------+---------------+----------+---------+------+----------+---------+-------+------+------+----+---+----------+-----+
|+ orr   |     -|              -|         -|        1|     -|        no|        0|  0.000|  2.79|     -|   -|  -|  26 (~0%)|    -|
+--------+------+---------------+----------+---------+------+----------+---------+-------+------+------+----+---+----------+-----+
    Name Prefix: '+' for module, 'o' for loop, '*' for dataflow


================================================================
== HW Interfaces
================================================================
* Other Ports
+------+---------+-----------+----------+
| Port | Mode    | Direction | Bitwidth |
+------+---------+-----------+----------+
| a    | ap_none | in        | 1        |
| b    | ap_none | in        | 1        |
| c    | ap_none | out       | 1        |
+------+---------+-----------+----------+

* TOP LEVEL CONTROL
+-----------+--------------+--------+
| Interface | Type         | Ports  |
+-----------+--------------+--------+
| ap_rst    | reset        | ap_rst |
| ap_ctrl   | ap_ctrl_none |        |
+-----------+--------------+--------+


================================================================
== SW I/O Information
================================================================
* Top Function Arguments
+----------+-----------+-------------+
| Argument | Direction | Datatype    |
+----------+-----------+-------------+
| a        | in        | ap_uint<1>  |
| b        | in        | ap_uint<1>  |
| c        | out       | ap_uint<1>& |
+----------+-----------+-------------+

* SW-to-HW Mapping
+----------+--------------+---------+
| Argument | HW Interface | HW Type |
+----------+--------------+---------+
| a        | a            | port    |
| b        | b            | port    |
| c        | c            | port    |
+----------+--------------+---------+


================================================================
== Bind Op Report
================================================================
+-----------------+-----+--------+----------+-----+--------+---------+
| Name            | DSP | Pragma | Variable | Op  | Impl   | Latency |
+-----------------+-----+--------+----------+-----+--------+---------+
| + orr           | 0   |        |          |     |        |         |
|   tmp2_fu_67_p2 |     |        | tmp2     | add | fabric | 0       |
|   z_fu_81_p2    |     |        | z        | add | fabric | 0       |
|   c             |     |        | xor_ln15 | xor | auto   | 0       |
+-----------------+-----+--------+----------+-----+--------+---------+


================================================================
== Storage Report
================================================================
  No bind storage info in design

================================================================
== Pragma Report
================================================================
* Valid Pragma Syntax
+-----------+----------------------------+-------------------+
| Type      | Options                    | Location          |
+-----------+----------------------------+-------------------+
| INTERFACE | ap_ctrl_none port = return | in orr (or.cpp:5) |
| INTERFACE | ap_none port = a           | in orr (or.cpp:6) |
| INTERFACE | ap_none port = b           | in orr (or.cpp:7) |
| INTERFACE | ap_none port = c           | in orr (or.cpp:8) |
+-----------+----------------------------+-------------------+


