

================================================================
== Vitis HLS Report for 'nnd'
================================================================
* Date:           Thu Oct  1 16:12:20 2026

* Version:        2025.2 (Build 6295257 on Nov 14 2025)
* Project:        NND
* Solution:       hls (Vivado IP Flow Target)
* Product family: artix7
* Target device:  xc7a35t-ftg256-1


================================================================
== Performance Estimates
================================================================
+ Timing: 
    * Summary: 
    +--------+----------+----------+------------+
    |  Clock |  Target  | Estimated| Uncertainty|
    +--------+----------+----------+------------+
    |ap_clk  |  10.00 ns|  6.786 ns|     2.70 ns|
    +--------+----------+----------+------------+

+ Latency: 
    * Summary: 
    +---------+---------+-----------+-----------+-----+------+---------+
    |  Latency (cycles) |   Latency (absolute)  |  Interval  | Pipeline|
    |   min   |   max   |    min    |    max    | min |  max |   Type  |
    +---------+---------+-----------+-----------+-----+------+---------+
    |        1|     1604|  10.000 ns|  16.040 us|    2|  1605|       no|
    +---------+---------+-----------+-----------+-----+------+---------+

    + Detail: 
        * Instance: 
        +--------------------------------------------------------+----------------------------------------------+---------+---------+-----------+-----------+-----+-----+-------------------+
        |                                                        |                                              |  Latency (cycles) |   Latency (absolute)  |  Interval |      Pipeline     |
        |                        Instance                        |                    Module                    |   min   |   max   |    min    |    max    | min | max |        Type       |
        +--------------------------------------------------------+----------------------------------------------+---------+---------+-----------+-----------+-----+-----+-------------------+
        |grp_nnd_Pipeline_VITIS_LOOP_19_1_VITIS_LOOP_21_2_fu_67  |nnd_Pipeline_VITIS_LOOP_19_1_VITIS_LOOP_21_2  |     1602|     1602|  16.020 us|  16.020 us|    0|    0|  loop pipeline stp|
        +--------------------------------------------------------+----------------------------------------------+---------+---------+-----------+-----------+-----+-----+-------------------+

        * Loop: 
        N/A



================================================================
== Utilization Estimates
================================================================
* Summary: 
+-----------------+---------+----+-------+-------+-----+
|       Name      | BRAM_18K| DSP|   FF  |  LUT  | URAM|
+-----------------+---------+----+-------+-------+-----+
|DSP              |        -|   -|      -|      -|    -|
|Expression       |        -|   -|      0|     38|    -|
|FIFO             |        -|   -|      -|      -|    -|
|Instance         |        -|   -|     50|    324|    -|
|Memory           |        -|   -|      -|      -|    -|
|Multiplexer      |        -|   -|      0|     17|    -|
|Register         |        -|   -|     31|      -|    -|
+-----------------+---------+----+-------+-------+-----+
|Total            |        0|   0|     81|    379|    0|
+-----------------+---------+----+-------+-------+-----+
|Available        |      100|  90|  41600|  20800|    0|
+-----------------+---------+----+-------+-------+-----+
|Utilization (%)  |        0|   0|     ~0|      1|    0|
+-----------------+---------+----+-------+-------+-----+

+ Detail: 
    * Instance: 
    +--------------------------------------------------------+----------------------------------------------+---------+----+----+-----+-----+
    |                        Instance                        |                    Module                    | BRAM_18K| DSP| FF | LUT | URAM|
    +--------------------------------------------------------+----------------------------------------------+---------+----+----+-----+-----+
    |grp_nnd_Pipeline_VITIS_LOOP_19_1_VITIS_LOOP_21_2_fu_67  |nnd_Pipeline_VITIS_LOOP_19_1_VITIS_LOOP_21_2  |        0|   0|  50|  324|    0|
    +--------------------------------------------------------+----------------------------------------------+---------+----+----+-----+-----+
    |Total                                                   |                                              |        0|   0|  50|  324|    0|
    +--------------------------------------------------------+----------------------------------------------+---------+----+----+-----+-----+

    * DSP: 
    N/A

    * Memory: 
    N/A

    * FIFO: 
    N/A

    * Expression: 
    +-------------------------+----------+----+---+----+------------+------------+
    |      Variable Name      | Operation| DSP| FF| LUT| Bitwidth P0| Bitwidth P1|
    +-------------------------+----------+----+---+----+------------+------------+
    |add_ln59_fu_125_p2       |         +|   0|  0|   8|           8|           8|
    |z_fu_131_p2              |         +|   0|  0|   8|           8|           8|
    |and_ln59_1_fu_115_p2     |       and|   0|  0|   8|           8|           8|
    |and_ln59_fu_102_p2       |       and|   0|  0|   8|           8|           8|
    |select_ln59_1_fu_108_p3  |    select|   0|  0|   2|           1|           2|
    |select_ln59_fu_95_p3     |    select|   0|  0|   2|           1|           2|
    |c                        |       xor|   0|  0|   2|           1|           2|
    +-------------------------+----------+----+---+----+------------+------------+
    |Total                    |          |   0|  0|  38|          35|          38|
    +-------------------------+----------+----+---+----+------------+------------+

    * Multiplexer: 
    +-----------+----+-----------+-----+-----------+
    |    Name   | LUT| Input Size| Bits| Total Bits|
    +-----------+----+-----------+-----+-----------+
    |ap_NS_fsm  |  17|          4|    1|          4|
    +-----------+----+-----------+-----+-----------+
    |Total      |  17|          4|    1|          4|
    +-----------+----+-----------+-----+-----------+

    * Register: 
    +---------------------------------------------------------------------+---+----+-----+-----------+
    |                                 Name                                | FF| LUT| Bits| Const Bits|
    +---------------------------------------------------------------------+---+----+-----+-----------+
    |a_read_reg_157                                                       |  1|   0|    1|          0|
    |ap_CS_fsm                                                            |  3|   0|    3|          0|
    |b_read_reg_152                                                       |  1|   0|    1|          0|
    |bias                                                                 |  8|   0|    8|          0|
    |grp_nnd_Pipeline_VITIS_LOOP_19_1_VITIS_LOOP_21_2_fu_67_ap_start_reg  |  1|   0|    1|          0|
    |isTrained                                                            |  1|   0|    1|          0|
    |w1                                                                   |  8|   0|    8|          0|
    |w2                                                                   |  8|   0|    8|          0|
    +---------------------------------------------------------------------+---+----+-----+-----------+
    |Total                                                                | 31|   0|   31|          0|
    +---------------------------------------------------------------------+---+----+-----+-----------+



================================================================
== Interface
================================================================
* Summary: 
+----------+-----+-----+--------------+--------------+--------------+
| RTL Ports| Dir | Bits|   Protocol   | Source Object|    C Type    |
+----------+-----+-----+--------------+--------------+--------------+
|ap_clk    |   in|    1|  ap_ctrl_none|           nnd|  return value|
|ap_rst    |   in|    1|  ap_ctrl_none|           nnd|  return value|
|a         |   in|    1|       ap_none|             a|        scalar|
|b         |   in|    1|       ap_none|             b|        scalar|
|c         |  out|    1|       ap_none|             c|       pointer|
+----------+-----+-----+--------------+--------------+--------------+

