INFO: [SIM 2] *************** CSIM start ***************
   Compiling ../../../../xor_test.cpp in debug mode
   Generating csim.exe
-=-=-=-=-=-=-=-=-=-=-=-=-=-=-=-= XOR GATE TEST =-=-=-=-=-=-=-=-=-=-=-=-=-=-=-=-

=-=-=-=-=-=-=-=-=-=-=-=-=-=-= a = 0; b = 0; c = 0; =-=-=-=-=-=-=-=-=-=-=-=-=-=-
-=-=-=-=-=-=-=-=-=-=-=-=-=-=-=-= XOR GATE PASS =-=-=-=-=-=-=-=-=-=-=-=-=-=-=-=-

=-=-=-=-=-=-=-=-=-=-=-=-=-=-= a = 0; b = 1; c = 1; =-=-=-=-=-=-=-=-=-=-=-=-=-=-
-=-=-=-=-=-=-=-=-=-=-=-=-=-=-=-= XOR GATE PASS =-=-=-=-=-=-=-=-=-=-=-=-=-=-=-=-

=-=-=-=-=-=-=-=-=-=-=-=-=-=-= a = 1; b = 0; c = 1; =-=-=-=-=-=-=-=-=-=-=-=-=-=-
-=-=-=-=-=-=-=-=-=-=-=-=-=-=-=-= XOR GATE PASS =-=-=-=-=-=-=-=-=-=-=-=-=-=-=-=-

=-=-=-=-=-=-=-=-=-=-=-=-=-=-= a = 1; b = 1; c = 0; =-=-=-=-=-=-=-=-=-=-=-=-=-=-
-=-=-=-=-=-=-=-=-=-=-=-=-=-=-=-= XOR GATE PASS =-=-=-=-=-=-=-=-=-=-=-=-=-=-=-=-
NAND gate A: 
w2 = -4; w3 = -5; bias1 = 6;
NAND gate B: 
w1 = -5; w6 = -4; bias2 = 7;
NAND gate C: 
w5 = -6; w4 = -1; bias3 = 6;
NAND gate D: 
w7 = -3; w8 = -6; bias4 = 6;
INFO: [SIM 1] CSim done with 0 errors.
INFO: [SIM 3] *************** CSIM finish ***************
