  **** HLS Build v2025.2 6295257
INFO: [HLS 200-2005] Using work_dir C:/Users/ielab1/mnvskn/ORR/ORR 
INFO: [HLS 200-2176] Writing Vitis IDE component file C:/Users/ielab1/mnvskn/ORR/ORR/vitis-comp.json
INFO: [HLS 200-10] Creating and opening component 'C:/Users/ielab1/mnvskn/ORR/ORR'.
INFO: [HLS 200-1505] Using default flow_target 'vivado'
Resolution: For help on HLS 200-1505 see docs.amd.com/access/sources/dita/topic?Doc_Version=2025.2%20English&url=ug1448-hls-guidance&resourceid=200-1505.html
INFO: [HLS 200-2174] Applying component config ini file hls_config.cfg
INFO: [HLS 200-1465] Applying config ini 'syn.file=or.cpp' from hls_config.cfg(7)
INFO: [HLS 200-10] Adding design file 'C:/Users/ielab1/mnvskn/ORR/or.cpp' to the project
INFO: [HLS 200-1465] Applying config ini 'syn.file=or.h' from hls_config.cfg(8)
INFO: [HLS 200-10] Adding design file 'C:/Users/ielab1/mnvskn/ORR/or.h' to the project
INFO: [HLS 200-1465] Applying config ini 'tb.file=or_test.cpp' from hls_config.cfg(9)
INFO: [HLS 200-10] Adding test bench file 'C:/Users/ielab1/mnvskn/ORR/or_test.cpp' to the project
INFO: [HLS 200-1465] Applying config ini 'syn.top=orr' from hls_config.cfg(10)
INFO: [HLS 200-1465] Applying config ini 'flow_target=vivado' from hls_config.cfg(4)
INFO: [HLS 200-1505] Using flow_target 'vivado'
Resolution: For help on HLS 200-1505 see docs.amd.com/access/sources/dita/topic?Doc_Version=2025.2%20English&url=ug1448-hls-guidance&resourceid=200-1505.html
INFO: [HLS 200-1465] Applying config ini 'part=xc7a35tftg256-1' from hls_config.cfg(1)
INFO: [HLS 200-1611] Setting target device to 'xc7a35t-ftg256-1'
INFO: [HLS 200-1465] Applying config ini 'package.output.format=ip_catalog' from hls_config.cfg(5)
INFO: [HLS 200-2176] Writing Vitis IDE component file C:/Users/ielab1/mnvskn/ORR/ORR/vitis-comp.json
INFO: [HLS 200-111] Finished File checks and directory preparation: CPU user time: 2 seconds. CPU system time: 1 seconds. Elapsed time: 4.303 seconds; current allocated memory: 144.184 MB.
INFO: [HLS 200-2191] C-Synthesis will use clang-16 as the compiler
INFO: [HLS 200-10] Analyzing design file 'or.cpp' ... 
INFO: [HLS 200-111] Finished Source Code Analysis and Preprocessing: CPU user time: 0 seconds. CPU system time: 0 seconds. Elapsed time: 9.407 seconds; current allocated memory: 146.551 MB.
INFO: [HLS 200-777] Using interface defaults for 'Vivado' flow target.
INFO: [HLS 200-1995] There were 2,215 instructions in the design after the 'Compile/Link' phase of compilation. See the Design Size Report for more details (C:/Users/ielab1/mnvskn/ORR/ORR/hls/syn/report/csynth_design_size.rpt:2)
INFO: [HLS 200-1995] There were 92 instructions in the design after the 'Unroll/Inline (step 1)' phase of compilation. See the Design Size Report for more details (C:/Users/ielab1/mnvskn/ORR/ORR/hls/syn/report/csynth_design_size.rpt:2)
INFO: [HLS 200-1995] There were 25 instructions in the design after the 'Unroll/Inline (step 2)' phase of compilation. See the Design Size Report for more details (C:/Users/ielab1/mnvskn/ORR/ORR/hls/syn/report/csynth_design_size.rpt:2)
INFO: [HLS 200-1995] There were 15 instructions in the design after the 'Unroll/Inline (step 3)' phase of compilation. See the Design Size Report for more details (C:/Users/ielab1/mnvskn/ORR/ORR/hls/syn/report/csynth_design_size.rpt:2)
INFO: [HLS 200-1995] There were 15 instructions in the design after the 'Unroll/Inline (step 4)' phase of compilation. See the Design Size Report for more details (C:/Users/ielab1/mnvskn/ORR/ORR/hls/syn/report/csynth_design_size.rpt:2)
INFO: [HLS 200-1995] There were 15 instructions in the design after the 'Array/Struct (step 1)' phase of compilation. See the Design Size Report for more details (C:/Users/ielab1/mnvskn/ORR/ORR/hls/syn/report/csynth_design_size.rpt:2)
INFO: [HLS 200-1995] There were 15 instructions in the design after the 'Array/Struct (step 2)' phase of compilation. See the Design Size Report for more details (C:/Users/ielab1/mnvskn/ORR/ORR/hls/syn/report/csynth_design_size.rpt:2)
INFO: [HLS 200-1995] There were 15 instructions in the design after the 'Array/Struct (step 3)' phase of compilation. See the Design Size Report for more details (C:/Users/ielab1/mnvskn/ORR/ORR/hls/syn/report/csynth_design_size.rpt:2)
INFO: [HLS 200-1995] There were 15 instructions in the design after the 'Array/Struct (step 4)' phase of compilation. See the Design Size Report for more details (C:/Users/ielab1/mnvskn/ORR/ORR/hls/syn/report/csynth_design_size.rpt:2)
INFO: [HLS 200-1995] There were 15 instructions in the design after the 'Array/Struct (step 5)' phase of compilation. See the Design Size Report for more details (C:/Users/ielab1/mnvskn/ORR/ORR/hls/syn/report/csynth_design_size.rpt:2)
INFO: [HLS 200-1995] There were 15 instructions in the design after the 'Performance (step 1)' phase of compilation. See the Design Size Report for more details (C:/Users/ielab1/mnvskn/ORR/ORR/hls/syn/report/csynth_design_size.rpt:2)
INFO: [HLS 200-1995] There were 15 instructions in the design after the 'Performance (step 2)' phase of compilation. See the Design Size Report for more details (C:/Users/ielab1/mnvskn/ORR/ORR/hls/syn/report/csynth_design_size.rpt:2)
INFO: [HLS 200-1995] There were 15 instructions in the design after the 'Performance (step 3)' phase of compilation. See the Design Size Report for more details (C:/Users/ielab1/mnvskn/ORR/ORR/hls/syn/report/csynth_design_size.rpt:2)
INFO: [HLS 200-1995] There were 15 instructions in the design after the 'Performance (step 4)' phase of compilation. See the Design Size Report for more details (C:/Users/ielab1/mnvskn/ORR/ORR/hls/syn/report/csynth_design_size.rpt:2)
INFO: [HLS 200-1995] There were 16 instructions in the design after the 'HW Transforms (step 1)' phase of compilation. See the Design Size Report for more details (C:/Users/ielab1/mnvskn/ORR/ORR/hls/syn/report/csynth_design_size.rpt:2)
INFO: [HLS 200-1995] There were 18 instructions in the design after the 'HW Transforms (step 2)' phase of compilation. See the Design Size Report for more details (C:/Users/ielab1/mnvskn/ORR/ORR/hls/syn/report/csynth_design_size.rpt:2)
INFO: [HLS 200-111] Finished Compiling Optimization and Transform: CPU user time: 0 seconds. CPU system time: 0 seconds. Elapsed time: 8.261 seconds; current allocated memory: 148.188 MB.
INFO: [HLS 200-111] Finished Checking Pragmas: CPU user time: 0 seconds. CPU system time: 0 seconds. Elapsed time: 0.004 seconds; current allocated memory: 148.188 MB.
INFO: [HLS 200-10] Starting code transformations ...
INFO: [HLS 200-111] Finished Standard Transforms: CPU user time: 0 seconds. CPU system time: 0 seconds. Elapsed time: 0.151 seconds; current allocated memory: 152.082 MB.
INFO: [HLS 200-10] Checking synthesizability ...
INFO: [HLS 200-111] Finished Checking Synthesizability: CPU user time: 0 seconds. CPU system time: 0 seconds. Elapsed time: 0.04 seconds; current allocated memory: 153.551 MB.
INFO: [HLS 200-111] Finished Loop, function and other optimizations: CPU user time: 0 seconds. CPU system time: 0 seconds. Elapsed time: 0.069 seconds; current allocated memory: 173.840 MB.
INFO: [HLS 200-111] Finished Architecture Synthesis: CPU user time: 0 seconds. CPU system time: 0 seconds. Elapsed time: 0.081 seconds; current allocated memory: 173.855 MB.
INFO: [HLS 200-10] Starting hardware synthesis ...
INFO: [HLS 200-10] Synthesizing 'orr' ...
INFO: [SYN 201-201] Setting up clock 'default' with a period of 10ns.
INFO: [HLS 200-10] ----------------------------------------------------------------
INFO: [HLS 200-42] -- Implementing module 'orr' 
INFO: [HLS 200-10] ----------------------------------------------------------------
INFO: [SCHED 204-11] Starting scheduling ...
INFO: [SCHED 204-11] Finished scheduling.
INFO: [HLS 200-111] Finished Scheduling: CPU user time: 0 seconds. CPU system time: 0 seconds. Elapsed time: 0.238 seconds; current allocated memory: 173.855 MB.
INFO: [BIND 205-100] Starting micro-architecture generation ...
INFO: [BIND 205-101] Performing variable lifetime analysis.
INFO: [BIND 205-101] Exploring resource sharing.
INFO: [BIND 205-101] Binding ...
INFO: [BIND 205-100] Finished micro-architecture generation.
INFO: [HLS 200-111] Finished Binding: CPU user time: 0 seconds. CPU system time: 1 seconds. Elapsed time: 0.053 seconds; current allocated memory: 173.855 MB.
INFO: [HLS 200-10] ----------------------------------------------------------------
INFO: [HLS 200-10] -- Generating RTL for module 'orr' 
INFO: [HLS 200-10] ----------------------------------------------------------------
INFO: [RTGEN 206-500] Setting interface mode on port 'orr/a' to 'ap_none'.
INFO: [RTGEN 206-500] Setting interface mode on port 'orr/b' to 'ap_none'.
INFO: [RTGEN 206-500] Setting interface mode on port 'orr/c' to 'ap_none'.
WARNING: [RTGEN 206-101] Port 'c' with mode 'ap_none' may require an associated data valid signal to correctly communicate with other blocks or a test bench; automatic C/RTL co-simulation may not be able to verify such a port.
INFO: [RTGEN 206-500] Setting interface mode on function 'orr' to 'ap_ctrl_none'.
INFO: [RTGEN 206-100] Finished creating RTL model for 'orr'.
INFO: [HLS 200-111] Finished Creating RTL model: CPU user time: 0 seconds. CPU system time: 0 seconds. Elapsed time: 0.069 seconds; current allocated memory: 173.855 MB.
INFO: [HLS 200-111] Finished Generating all RTL models: CPU user time: 0 seconds. CPU system time: 0 seconds. Elapsed time: 0.299 seconds; current allocated memory: 175.574 MB.
INFO: [HLS 200-2225] Wrote inferred directives to file C:/Users/ielab1/mnvskn/ORR/ORR/hls/syn/inferred_directives.ini
INFO: [HLS 200-111] Finished Updating report files: CPU user time: 1 seconds. CPU system time: 0 seconds. Elapsed time: 0.853 seconds; current allocated memory: 176.637 MB.
INFO: [VHDL 208-304] Generating VHDL RTL for orr.
INFO: [VLOG 209-307] Generating Verilog RTL for orr.
INFO: [HLS 200-789] **** Estimated Fmax: 221.83 MHz
INFO: [HLS 200-112] Total CPU user time: 3 seconds. Total CPU system time: 2 seconds. Total elapsed time: 25.599 seconds; peak allocated memory: 176.734 MB.
INFO: [v++ 60-791] Total elapsed time: 0h 0m 29s
