  **** HLS Build v2025.2 6295257
INFO: [HLS 200-2005] Using work_dir C:/Users/ielab1/mnvskn/NND/NND 
INFO: [HLS 200-2176] Writing Vitis IDE component file C:/Users/ielab1/mnvskn/NND/NND/vitis-comp.json
INFO: [HLS 200-10] Creating and opening component 'C:/Users/ielab1/mnvskn/NND/NND'.
INFO: [HLS 200-1505] Using default flow_target 'vivado'
Resolution: For help on HLS 200-1505 see docs.amd.com/access/sources/dita/topic?Doc_Version=2025.2%20English&url=ug1448-hls-guidance&resourceid=200-1505.html
INFO: [HLS 200-2174] Applying component config ini file hls_config.cfg
INFO: [HLS 200-1465] Applying config ini 'syn.file=nand.h' from hls_config.cfg(7)
INFO: [HLS 200-10] Adding design file 'C:/Users/ielab1/mnvskn/NND/nand.h' to the project
INFO: [HLS 200-1465] Applying config ini 'syn.file=nand.cpp' from hls_config.cfg(8)
INFO: [HLS 200-10] Adding design file 'C:/Users/ielab1/mnvskn/NND/nand.cpp' to the project
INFO: [HLS 200-1465] Applying config ini 'tb.file=nand_test.cpp' from hls_config.cfg(9)
INFO: [HLS 200-10] Adding test bench file 'C:/Users/ielab1/mnvskn/NND/nand_test.cpp' to the project
INFO: [HLS 200-1465] Applying config ini 'syn.top=nnd' from hls_config.cfg(10)
INFO: [HLS 200-1465] Applying config ini 'flow_target=vivado' from hls_config.cfg(4)
INFO: [HLS 200-1505] Using flow_target 'vivado'
Resolution: For help on HLS 200-1505 see docs.amd.com/access/sources/dita/topic?Doc_Version=2025.2%20English&url=ug1448-hls-guidance&resourceid=200-1505.html
INFO: [HLS 200-1465] Applying config ini 'part=xc7a35tftg256-1' from hls_config.cfg(1)
INFO: [HLS 200-1611] Setting target device to 'xc7a35t-ftg256-1'
INFO: [HLS 200-1465] Applying config ini 'package.output.format=ip_catalog' from hls_config.cfg(5)
INFO: [HLS 200-2176] Writing Vitis IDE component file C:/Users/ielab1/mnvskn/NND/NND/vitis-comp.json
INFO: [HLS 200-111] Finished File checks and directory preparation: CPU user time: 2 seconds. CPU system time: 1 seconds. Elapsed time: 3.409 seconds; current allocated memory: 143.371 MB.
INFO: [HLS 200-2191] C-Synthesis will use clang-16 as the compiler
INFO: [HLS 200-10] Analyzing design file 'nand.cpp' ... 
WARNING: [HLS 207-6591] unused parameter 'c' (nand.cpp:8:62)
INFO: [HLS 200-111] Finished Source Code Analysis and Preprocessing: CPU user time: 0 seconds. CPU system time: 0 seconds. Elapsed time: 9.365 seconds; current allocated memory: 145.676 MB.
INFO: [HLS 200-777] Using interface defaults for 'Vivado' flow target.
INFO: [HLS 200-1995] There were 8,540 instructions in the design after the 'Compile/Link' phase of compilation. See the Design Size Report for more details (C:/Users/ielab1/mnvskn/NND/NND/hls/syn/report/csynth_design_size.rpt:2)
ERROR: [HLS 200-1715] Encountered problem during source synthesis
ERROR: Pre-synthesis failed.
INFO: [HLS 200-112] Total CPU user time: 2 seconds. Total CPU system time: 1 seconds. Total elapsed time: 20.444 seconds; peak allocated memory: 146.418 MB.
