  **** HLS Build v2025.2 6295257
INFO: [HLS 200-2005] Using work_dir C:/Users/ielab1/mnvskn/NND/NND 
INFO: [HLS 200-2176] Writing Vitis IDE component file C:/Users/ielab1/mnvskn/NND/NND/vitis-comp.json
INFO: [HLS 200-10] Creating and opening component 'C:/Users/ielab1/mnvskn/NND/NND'.
INFO: [HLS 200-1505] Using default flow_target 'vivado'
Resolution: For help on HLS 200-1505 see docs.amd.com/access/sources/dita/topic?Doc_Version=2025.2%20English&url=ug1448-hls-guidance&resourceid=200-1505.html
INFO: [HLS 200-2174] Applying component config ini file hls_config.cfg
INFO: [HLS 200-1465] Applying config ini 'syn.file=nand.h' from hls_config.cfg(7)
INFO: [HLS 200-10] Adding design file 'C:/Users/ielab1/mnvskn/NND/nand.h' to the project
INFO: [HLS 200-1465] Applying config ini 'syn.file=nand.cpp' from hls_config.cfg(8)
INFO: [HLS 200-10] Adding design file 'C:/Users/ielab1/mnvskn/NND/nand.cpp' to the project
INFO: [HLS 200-1465] Applying config ini 'tb.file=nand_test.cpp' from hls_config.cfg(9)
INFO: [HLS 200-10] Adding test bench file 'C:/Users/ielab1/mnvskn/NND/nand_test.cpp' to the project
INFO: [HLS 200-1465] Applying config ini 'syn.top=nnd' from hls_config.cfg(10)
INFO: [HLS 200-1465] Applying config ini 'flow_target=vivado' from hls_config.cfg(4)
INFO: [HLS 200-1505] Using flow_target 'vivado'
Resolution: For help on HLS 200-1505 see docs.amd.com/access/sources/dita/topic?Doc_Version=2025.2%20English&url=ug1448-hls-guidance&resourceid=200-1505.html
INFO: [HLS 200-1465] Applying config ini 'part=xc7a35tftg256-1' from hls_config.cfg(1)
INFO: [HLS 200-1611] Setting target device to 'xc7a35t-ftg256-1'
INFO: [HLS 200-1465] Applying config ini 'package.output.format=ip_catalog' from hls_config.cfg(5)
INFO: [HLS 200-2176] Writing Vitis IDE component file C:/Users/ielab1/mnvskn/NND/NND/vitis-comp.json
INFO: [HLS 200-111] Finished File checks and directory preparation: CPU user time: 1 seconds. CPU system time: 1 seconds. Elapsed time: 3.435 seconds; current allocated memory: 144.555 MB.
INFO: [HLS 200-2191] C-Synthesis will use clang-16 as the compiler
INFO: [HLS 200-10] Analyzing design file 'nand.cpp' ... 
INFO: [HLS 200-111] Finished Source Code Analysis and Preprocessing: CPU user time: 0 seconds. CPU system time: 0 seconds. Elapsed time: 9.226 seconds; current allocated memory: 146.965 MB.
INFO: [HLS 200-777] Using interface defaults for 'Vivado' flow target.
INFO: [HLS 200-1995] There were 4,593 instructions in the design after the 'Compile/Link' phase of compilation. See the Design Size Report for more details (C:/Users/ielab1/mnvskn/NND/NND/hls/syn/report/csynth_design_size.rpt:2)
INFO: [HLS 200-1995] There were 477 instructions in the design after the 'Unroll/Inline (step 1)' phase of compilation. See the Design Size Report for more details (C:/Users/ielab1/mnvskn/NND/NND/hls/syn/report/csynth_design_size.rpt:2)
INFO: [HLS 200-1995] There were 175 instructions in the design after the 'Unroll/Inline (step 2)' phase of compilation. See the Design Size Report for more details (C:/Users/ielab1/mnvskn/NND/NND/hls/syn/report/csynth_design_size.rpt:2)
INFO: [HLS 200-1995] There were 141 instructions in the design after the 'Unroll/Inline (step 3)' phase of compilation. See the Design Size Report for more details (C:/Users/ielab1/mnvskn/NND/NND/hls/syn/report/csynth_design_size.rpt:2)
INFO: [HLS 200-1995] There were 134 instructions in the design after the 'Unroll/Inline (step 4)' phase of compilation. See the Design Size Report for more details (C:/Users/ielab1/mnvskn/NND/NND/hls/syn/report/csynth_design_size.rpt:2)
INFO: [HLS 200-1995] There were 134 instructions in the design after the 'Array/Struct (step 1)' phase of compilation. See the Design Size Report for more details (C:/Users/ielab1/mnvskn/NND/NND/hls/syn/report/csynth_design_size.rpt:2)
INFO: [HLS 200-1995] There were 134 instructions in the design after the 'Array/Struct (step 2)' phase of compilation. See the Design Size Report for more details (C:/Users/ielab1/mnvskn/NND/NND/hls/syn/report/csynth_design_size.rpt:2)
INFO: [HLS 200-1995] There were 134 instructions in the design after the 'Array/Struct (step 3)' phase of compilation. See the Design Size Report for more details (C:/Users/ielab1/mnvskn/NND/NND/hls/syn/report/csynth_design_size.rpt:2)
INFO: [HLS 200-1995] There were 134 instructions in the design after the 'Array/Struct (step 4)' phase of compilation. See the Design Size Report for more details (C:/Users/ielab1/mnvskn/NND/NND/hls/syn/report/csynth_design_size.rpt:2)
INFO: [HLS 200-1995] There were 134 instructions in the design after the 'Array/Struct (step 5)' phase of compilation. See the Design Size Report for more details (C:/Users/ielab1/mnvskn/NND/NND/hls/syn/report/csynth_design_size.rpt:2)
INFO: [HLS 200-1995] There were 134 instructions in the design after the 'Performance (step 1)' phase of compilation. See the Design Size Report for more details (C:/Users/ielab1/mnvskn/NND/NND/hls/syn/report/csynth_design_size.rpt:2)
INFO: [HLS 200-1995] There were 134 instructions in the design after the 'Performance (step 2)' phase of compilation. See the Design Size Report for more details (C:/Users/ielab1/mnvskn/NND/NND/hls/syn/report/csynth_design_size.rpt:2)
INFO: [HLS 200-1995] There were 134 instructions in the design after the 'Performance (step 3)' phase of compilation. See the Design Size Report for more details (C:/Users/ielab1/mnvskn/NND/NND/hls/syn/report/csynth_design_size.rpt:2)
INFO: [HLS 200-1995] There were 134 instructions in the design after the 'Performance (step 4)' phase of compilation. See the Design Size Report for more details (C:/Users/ielab1/mnvskn/NND/NND/hls/syn/report/csynth_design_size.rpt:2)
INFO: [HLS 200-1995] There were 135 instructions in the design after the 'HW Transforms (step 1)' phase of compilation. See the Design Size Report for more details (C:/Users/ielab1/mnvskn/NND/NND/hls/syn/report/csynth_design_size.rpt:2)
INFO: [HLS 200-1995] There were 144 instructions in the design after the 'HW Transforms (step 2)' phase of compilation. See the Design Size Report for more details (C:/Users/ielab1/mnvskn/NND/NND/hls/syn/report/csynth_design_size.rpt:2)
INFO: [HLS 214-178] Inlining function 'train_nnd_lower(ap_uint<1>, ap_uint<1>)' into 'train_nnd_upper()' (nand.cpp:18:0)
INFO: [HLS 214-178] Inlining function 'train_nnd_upper()' into 'nnd(ap_uint<1>, ap_uint<1>, ap_uint<1>&)' (nand.cpp:42:0)
INFO: [HLS 214-376] Pipelining loop< VITIS_LOOP_21_2> at nand.cpp:21:26 due to pipeline_loops threshold
INFO: [HLS 200-111] Finished Compiling Optimization and Transform: CPU user time: 0 seconds. CPU system time: 0 seconds. Elapsed time: 9.073 seconds; current allocated memory: 148.793 MB.
INFO: [HLS 200-111] Finished Checking Pragmas: CPU user time: 0 seconds. CPU system time: 0 seconds. Elapsed time: 0.005 seconds; current allocated memory: 148.793 MB.
INFO: [HLS 200-10] Starting code transformations ...
INFO: [HLS 200-111] Finished Standard Transforms: CPU user time: 0 seconds. CPU system time: 0 seconds. Elapsed time: 0.037 seconds; current allocated memory: 153.566 MB.
INFO: [HLS 200-10] Checking synthesizability ...
INFO: [HLS 200-111] Finished Checking Synthesizability: CPU user time: 0 seconds. CPU system time: 0 seconds. Elapsed time: 0.02 seconds; current allocated memory: 155.004 MB.
INFO: [HLS 200-111] Finished Loop, function and other optimizations: CPU user time: 0 seconds. CPU system time: 0 seconds. Elapsed time: 0.056 seconds; current allocated memory: 176.305 MB.
INFO: [XFORM 203-541] Flattening a loop nest 'VITIS_LOOP_19_1' (nand.cpp:19:22) in function 'nnd'.
INFO: [HLS 200-111] Finished Architecture Synthesis: CPU user time: 0 seconds. CPU system time: 0 seconds. Elapsed time: 0.05 seconds; current allocated memory: 179.496 MB.
INFO: [HLS 200-10] Starting hardware synthesis ...
INFO: [HLS 200-10] Synthesizing 'nnd' ...
INFO: [SYN 201-201] Setting up clock 'default' with a period of 10ns.
INFO: [HLS 200-10] ----------------------------------------------------------------
INFO: [HLS 200-42] -- Implementing module 'nnd_Pipeline_VITIS_LOOP_19_1_VITIS_LOOP_21_2' 
INFO: [HLS 200-10] ----------------------------------------------------------------
INFO: [SCHED 204-11] Starting scheduling ...
INFO: [SCHED 204-61] Pipelining loop 'VITIS_LOOP_19_1_VITIS_LOOP_21_2'.
WARNING: [HLS 200-880] The II Violation in module 'nnd_Pipeline_VITIS_LOOP_19_1_VITIS_LOOP_21_2' (loop 'VITIS_LOOP_19_1_VITIS_LOOP_21_2'): Unable to enforce a carried dependence constraint (II = 1, distance = 1, offset = 1) between 'sub' operation 8 bit ('sub_ln12', nand.cpp:12->nand.cpp:33->nand.cpp:49) and 'icmp' operation 1 bit ('error', nand.cpp:11->nand.cpp:33->nand.cpp:49).
Resolution: For help on HLS 200-880 see docs.amd.com/access/sources/dita/topic?Doc_Version=2025.2%20English&url=ug1448-hls-guidance&resourceid=200-880.html
INFO: [HLS 200-1470] Pipelining result : Target II = NA, Final II = 2, Depth = 3, loop 'VITIS_LOOP_19_1_VITIS_LOOP_21_2'
INFO: [SCHED 204-11] Finished scheduling.
INFO: [HLS 200-111] Finished Scheduling: CPU user time: 0 seconds. CPU system time: 0 seconds. Elapsed time: 0.185 seconds; current allocated memory: 183.535 MB.
INFO: [BIND 205-100] Starting micro-architecture generation ...
INFO: [BIND 205-101] Performing variable lifetime analysis.
INFO: [BIND 205-101] Exploring resource sharing.
INFO: [BIND 205-101] Binding ...
INFO: [BIND 205-100] Finished micro-architecture generation.
INFO: [HLS 200-111] Finished Binding: CPU user time: 0 seconds. CPU system time: 0 seconds. Elapsed time: 0.034 seconds; current allocated memory: 184.531 MB.
INFO: [HLS 200-10] ----------------------------------------------------------------
INFO: [HLS 200-42] -- Implementing module 'nnd' 
INFO: [HLS 200-10] ----------------------------------------------------------------
INFO: [SCHED 204-11] Starting scheduling ...
INFO: [SCHED 204-11] Finished scheduling.
INFO: [HLS 200-111] Finished Scheduling: CPU user time: 0 seconds. CPU system time: 0 seconds. Elapsed time: 0.034 seconds; current allocated memory: 184.617 MB.
INFO: [BIND 205-100] Starting micro-architecture generation ...
INFO: [BIND 205-101] Performing variable lifetime analysis.
INFO: [BIND 205-101] Exploring resource sharing.
INFO: [BIND 205-101] Binding ...
INFO: [BIND 205-100] Finished micro-architecture generation.
INFO: [HLS 200-111] Finished Binding: CPU user time: 0 seconds. CPU system time: 0 seconds. Elapsed time: 0.02 seconds; current allocated memory: 184.738 MB.
INFO: [HLS 200-10] ----------------------------------------------------------------
INFO: [HLS 200-10] -- Generating RTL for module 'nnd_Pipeline_VITIS_LOOP_19_1_VITIS_LOOP_21_2' 
INFO: [HLS 200-10] ----------------------------------------------------------------
INFO: [HLS 200-1030] Apply Unified Pipeline Control on module 'nnd_Pipeline_VITIS_LOOP_19_1_VITIS_LOOP_21_2' pipeline 'VITIS_LOOP_19_1_VITIS_LOOP_21_2' pipeline type 'loop pipeline'
INFO: [RTGEN 206-100] Finished creating RTL model for 'nnd_Pipeline_VITIS_LOOP_19_1_VITIS_LOOP_21_2'.
INFO: [HLS 200-111] Finished Creating RTL model: CPU user time: 0 seconds. CPU system time: 0 seconds. Elapsed time: 1.595 seconds; current allocated memory: 186.180 MB.
INFO: [HLS 200-10] ----------------------------------------------------------------
INFO: [HLS 200-10] -- Generating RTL for module 'nnd' 
INFO: [HLS 200-10] ----------------------------------------------------------------
INFO: [RTGEN 206-500] Setting interface mode on port 'nnd/a' to 'ap_none'.
INFO: [RTGEN 206-500] Setting interface mode on port 'nnd/b' to 'ap_none'.
INFO: [RTGEN 206-500] Setting interface mode on port 'nnd/c' to 'ap_none'.
WARNING: [RTGEN 206-101] Port 'c' with mode 'ap_none' may require an associated data valid signal to correctly communicate with other blocks or a test bench; automatic C/RTL co-simulation may not be able to verify such a port.
INFO: [RTGEN 206-500] Setting interface mode on function 'nnd' to 'ap_ctrl_none'.
WARNING: [RTGEN 206-101] Register 'isTrained' is power-on initialization.
WARNING: [RTGEN 206-101] Register 'w1' is power-on initialization.
WARNING: [RTGEN 206-101] Register 'w2' is power-on initialization.
WARNING: [RTGEN 206-101] Register 'bias' is power-on initialization.
INFO: [RTGEN 206-100] Finished creating RTL model for 'nnd'.
INFO: [HLS 200-111] Finished Creating RTL model: CPU user time: 1 seconds. CPU system time: 0 seconds. Elapsed time: 0.164 seconds; current allocated memory: 187.477 MB.
INFO: [HLS 200-111] Finished Generating all RTL models: CPU user time: 0 seconds. CPU system time: 1 seconds. Elapsed time: 0.28 seconds; current allocated memory: 190.730 MB.
INFO: [HLS 200-2225] Wrote inferred directives to file C:/Users/ielab1/mnvskn/NND/NND/hls/syn/inferred_directives.ini
INFO: [HLS 200-111] Finished Updating report files: CPU user time: 0 seconds. CPU system time: 0 seconds. Elapsed time: 0.888 seconds; current allocated memory: 192.762 MB.
INFO: [VHDL 208-304] Generating VHDL RTL for nnd.
INFO: [VLOG 209-307] Generating Verilog RTL for nnd.
INFO: [HLS 200-790] **** Loop Constraint Status: All loop constraints were NOT satisfied.
INFO: [HLS 200-789] **** Estimated Fmax: 147.36 MHz
INFO: [HLS 200-112] Total CPU user time: 2 seconds. Total CPU system time: 2 seconds. Total elapsed time: 25.129 seconds; peak allocated memory: 192.852 MB.
INFO: [v++ 60-791] Total elapsed time: 0h 0m 29s
