# 
# Steps log generated by v++
# This log file contains a collection of steps that describe the kernel compilation flow
# Note: Some steps are tagged as internal, these steps are for debugging purposes and 
#       are not expected to be able to run independently.
# 

# The following environment variables are set when running vitis-run
Environment variables :
------------------------------------------
ALLUSERSPROFILE=C:\ProgramData
APPDATA=C:\Users\ielab1\AppData\Roaming
arr.length=0
arr.Ubound=-1
AVR32_HOME=C:\WinAVR-20100110
CARBON_MEM_DISABLE=1
CHARPOP=1
CMAKE_OBJECT_PATH_MAX=4096
CommonProgramFiles=C:\Program Files\Common Files
CommonProgramFiles(x86)=C:\Program Files (x86)\Common Files
CommonProgramW6432=C:\Program Files\Common Files
COMPUTERNAME=DESKTOP-LFA7NEA
ComSpec=C:\WINDOWS\system32\cmd.exe
DriverData=C:\Windows\System32\Drivers\DriverData
EFC_12912_1262719628=1
EFC_12912_1592913036=1
EFC_12912_2283032206=1
EFC_12912_2775293581=1
EFC_12912_3789132940=1
EFC_12912_4126798990=1
FPS_BROWSER_APP_PROFILE_STRING=Internet Explorer
FPS_BROWSER_USER_PROFILE_STRING=Default
HDI_APPROOT=G:/2025.2/Vitis
HDI_PROCESSOR=i686
HOMEDRIVE=C:
HOMEPATH=\Users\ielab1
HW_SERVER_DJTG_DISABLE=1
HW_SERVER_FTDIMGR_DISABLE=1
IDE_SKIP_SERVER_LICENSE=1
INT_VARIABLE_NAME=XILINX_PATH
ISL_IOSTREAMS_RSA=G:/2025.2/Vitis/tps/isl
JAVA_EXE=G:/2025.2/Vitis\tps\win64\jre21.0.5_11\bin\java.exe
JAVA_HOME=G:/2025.2/Vitis\tps\win64\jre21.0.5_11
LC_NUMERIC=C
LM_LICENSE_FILE=2100@10.21.17.65
LOCALAPPDATA=C:\Users\ielab1\AppData\Local
LOGONSERVER=\\DESKTOP-LFA7NEA
LOPPER_DTC_FLAGS=-b 0 -@
MOSQUITTO_DIR=C:\Program Files\mosquitto
NOSPLASH=false
NUMBER_OF_PROCESSORS=12
OneDrive=C:\Users\ielab1\OneDrive
ORIGINAL_XDG_CURRENT_DESKTOP=undefined
OS=Windows_NT
PATH=G:/2025.2/Vivado/tps/win64/binutils-2.26/bin;G:/2025.2/Vitis/bin/../gnu/aarch64/nt/aarch64-linux/bin;G:/2025.2/Vitis/bin/../gnu/ppc64le/4.9.3/win64/bin;G:/2025.2/Vitis/bin/../gnu/aarch32/nt/gcc-arm-linux-gnueabi/bin;G:/2025.2/Vitis/tps/mingw/6.2.0/win64.o/nt/bin;G:/2025.2/Vivado\gnuwin\bin;G:/2025.2/Vivado\gnu\microblaze\nt\bin;G:/2025.2/Vitis/bin;G:/2025.2/Vitis\tps\win64;G:/2025.2/Vitis/tps/win64/java-cef-95.0.4638.69/bin/lib/win64;G:/2025.2/Vitis/tps/win64/javafx-sdk-11.0.2/lib;G:/2025.2/Vitis/tps/win64/javafx-sdk-11.0.2/bin;G:/2025.2/Vitis/lib/win64.o;G:/2025.2/Vitis/tps/win64/jre11.0.16_1/bin/server;G:/2025.2/Vitis/tps/win64/jre11.0.16_1/bin;G:/2025.2/Vitis\tps\win64\cmake-3.24.2\bin;G:/2025.2/Vitis\gnu\microblaze\nt\bin;G:/2025.2/Vitis\gnu\microblaze\linux_toolchain\nt64_le\bin;G:/2025.2/Vitis\gnu\aarch32\nt\gcc-arm-linux-gnueabi\bin;G:/2025.2/Vitis\gnu\aarch32\nt\gcc-arm-none-eabi\bin;G:/2025.2/Vitis\gnu\aarch64\nt\aarch64-linux\bin;G:/2025.2/Vitis\gnu\aarch64\nt\aarch64-none\bin;G:/2025.2/Vitis\gnu\armr5\nt\gcc-arm-none-eabi\bin;G:/2025.2/Vitis\gnuwin\bin;G:/2025.2/Vitis\tps\win64\python-3.13.0;G:/2025.2/Vitis\tps\win64\jre21.0.5_11\bin;G:/2025.2/Vitis\tps\win64\libxslt\bin;G:/2025.2/Vitis\gnu\arm\nt\bin;G:/2025.2/Vitis\gnu\microblaze\linux_toolchain\nt64_be\bin;G:/2025.2/Vitis\gnu\riscv\nt\bin;G:/2025.2/Vitis\gnu\riscv\linux_toolchain\nt64\bin;G:/2025.2/Vitis\gnu\riscv\linux_toolchain\nt32\bin;G:/2025.2/Vivado\tps\win64\python-3.13.0;G:/2025.2/Vivado\tps\win64\git-2.50.0\bin;G:/2025.2/Vivado\tps\win64\cmake-3.24.2\bin;G:/2025.2/Vitis/win64/tools/vcxx\libexec;G:/2025.2/Vivado\tps\win64\jre21.0.5_11\bin;G:/2025.2/Vivado\tps\win64\libxslt/bin;C:\Program Files (x86)\Common Files\Oracle\Java\javapath;C:\WinAVR-20100110\bin;C:\WinAVR-20100110\utils\bin;C:\WINDOWS\system32;C:\WINDOWS;C:\WINDOWS\System32\Wbem;C:\WINDOWS\System32\WindowsPowerShell\v1.0\;C:\WINDOWS\System32\OpenSSH\;C:\Users\ielab1\AppData\Local\Microsoft\WindowsApps;;G:/2025.2/Vitis\tps\mingw\6.2.0\win64.o\nt\bin;G:/2025.2/Vitis\tps\mingw\6.2.0\win64.o\nt\libexec\gcc\x86_64-w64-mingw32\6.2.0
PATHEXT=.COM;.EXE;.BAT;.CMD;.VBS;.VBE;.JS;.JSE;.WSF;.WSH;.MSC
PROCESSOR_ARCHITECTURE=AMD64
PROCESSOR_IDENTIFIER=Intel64 Family 6 Model 158 Stepping 10, GenuineIntel
PROCESSOR_LEVEL=6
PROCESSOR_REVISION=9e0a
PRODVERSION_EXE=G:/2025.2/Vitis/bin/unwrapped/win64.o/prodversion.exe
ProgramData=C:\ProgramData
ProgramFiles=C:\Program Files
ProgramFiles(x86)=C:\Program Files (x86)
ProgramW6432=C:\Program Files
PROMPT=$P$G
PSModulePath=C:\Program Files\WindowsPowerShell\Modules;C:\WINDOWS\system32\WindowsPowerShell\v1.0\Modules
PUBLIC=C:\Users\Public
PYTHONPATH=G:/2025.2/Vitis\cli;G:/2025.2/Vitis\cli\python-packages\win64;G:/2025.2/Vitis\cli\python-packages\site-packages;G:/2025.2/Vitis\cli\proto;G:/2025.2/Vitis\scripts\python_pkg;
python_path=G:/2025.2/Vitis\cli;G:/2025.2/Vitis\cli\python-packages\win64;G:/2025.2/Vitis\cli\python-packages\site-packages;G:/2025.2/Vitis\cli\proto;G:/2025.2/Vitis\scripts\python_pkg;
RDI_APPROOT=G:/2025.2/Vitis
RDI_ARGS= --mode hls --csim --config C:\Users\ielab1\mnvskn\NND\hls_config.cfg --work_dir NND
RDI_ARGS_FUNCTION=RDI_EXEC_DEFAULT
RDI_BASEROOT=G:/2025.2
RDI_BINDIR=G:/2025.2/Vitis/bin
RDI_BINROOT=G:/2025.2/Vitis/bin
RDI_BUILD=yes
RDI_CHECK_PROG=True
RDI_DATADIR=G:/2025.2/Vitis/data
RDI_INSTALLROOT=G:
RDI_INSTALLVER=Vitis
RDI_INSTALLVERSION=2025.2
RDI_JAVACEFROOT=G:/2025.2/Vitis/tps/win64/java-cef-95.0.4638.69
RDI_JAVAFXROOT=G:/2025.2/Vitis/tps/win64/javafx-sdk-11.0.2
RDI_JAVAROOT=G:/2025.2/Vitis/tps/win64/jre11.0.16_1
RDI_JAVA_VERSION=11.0.16_1
RDI_LIBDIR=G:/2025.2/Vitis/lib/win64.o
RDI_MINGW_LIB=G:/2025.2/Vitis\tps\mingw\6.2.0\win64.o\nt\bin;G:/2025.2/Vitis\tps\mingw\6.2.0\win64.o\nt\libexec\gcc\x86_64-w64-mingw32\6.2.0
RDI_OPT_EXT=.o
RDI_OS_ARCH=64
RDI_PLATFORM=win64
RDI_PREPEND_PATH=G:/2025.2/Vitis/bin
RDI_PROG=G:/2025.2/Vitis/bin/unwrapped/win64.o/vitis-run.exe
RDI_PROGNAME=vitis-run.exe
RDI_SESSION_INFO=G:\2025.2\Vitis\bin:DESKTOP-LFA7NEA-01-10-2026_14-05-21.87
RDI_SHARED_DATA=G:/SharedData/2025.2/data
RDI_TEMPINSTALL=G:\2025.2
RDI_TPS_ROOT=G:/2025.2/Vivado/tps/win64
RDI_USE_JDK11=1
RDI_VERBOSE=False
RT_LIBPATH=G:/2025.2/Vitis/scripts/rt/data
RT_TCL_PATH=G:/2025.2/Vitis/scripts/rt/base_tcl/tcl
SESSIONNAME=Console
session_string=C:\Users\ielab1\mnvskn\NND:DESKTOP-LFA7NEA-01-10-2026_15-32-08.99
supports_classic_ide=true
SYNTH_COMMON=G:/2025.2/Vitis/scripts/rt/data
SystemDrive=C:
SystemRoot=C:\WINDOWS
TCL_LIBRARY=G:/2025.2/Vitis/tps/tcl/tcl8.6
TCMALLOC_LARGE_ALLOC_REPORT_THRESHOLD=4294967296
TEMP=C:\Users\ielab1\AppData\Local\Temp
THEIA_APP_PROJECT_PATH=G:\2025.2\Vitis\ide\electron-app\win64\resources\app
THEIA_DEFAULT_PLUGINS=local-dir:G:\2025.2\Vitis\ide\electron-app\win64\resources\app\plugins
THEIA_ELECTRON_TOKEN={"value":"6acb7c04-90a1-4eb4-a10d-489071d6bb3c"}
THEIA_ELECTRON_VERSION=30.1.2
THEIA_PLUGINS=local-dir:C:\Users\ielab1\.theia\plugins
TMP=C:\Users\ielab1\AppData\Local\Temp
tooldir=tps\win64\git-2.50.0
TOOLS_CLANGD=G:/2025.2/Vitis/win64/tools/vcxx\libexec
TPS_CMAKE=G:/2025.2/Vivado\tps\win64\cmake-3.24.2
TPS_GIT=G:/2025.2/Vivado\tps\win64\git-2.50.0
TPS_LIBXSLT=G:/2025.2/Vivado\tps\win64\libxslt
TPS_PYTHON=G:/2025.2/Vivado\tps\win64\python-3.13.0
USERDOMAIN=DESKTOP-LFA7NEA
USERDOMAIN_ROAMINGPROFILE=DESKTOP-LFA7NEA
USERNAME=ielab1
USERPROFILE=C:\Users\ielab1
VALIDATE_ARGS="False"
VITISNEW=true
VSCODE_API_VERSION=1.99.3
windir=C:\WINDOWS
XILINXD_LICENSE_FILE=10.21.17.65
XILINX_HLS=G:/2025.2/Vitis
XILINX_PLANAHEAD=G:/2025.2/Vitis
XILINX_SDK=G:/2025.2/Vitis
XILINX_VCXX=G:/2025.2/Vitis/win64/tools/vcxx
XILINX_VERSION_DEFAULT=2025.2
XILINX_VERSION_VITIS=2025.2
XILINX_VITIS=G:/2025.2/Vitis
XILINX_VITIS_GIT=G:/2025.2/Vivado\tps\win64\git-2.50.0\bin
XILINX_VITIS_VERSION=Vitis v2025.2 (64-bit)
XILINX_VIVADO=G:/2025.2/Vivado
XIL_CHECK_TCL_DEBUG=False
XIL_NO_OVERRIDE=0
XIL_SUPPRESS_OVERRIDE_WARNINGS=1
XVREDIST=G:/2025.2/Vitis\tps\win64\xvcredist.exe
ZES_ENABLE_SYSMAN=1
_RDI_BINROOT=G:\2025.2\Vitis\bin
_RDI_CWD=C:\Users\ielab1\mnvskn\NND
_RDI_DONT_SET_XILINX_AS_PATH=True
_RDI_VERSION_PROG=vitis-run
_valid=False
XILINX_CD_CONNECT_ID=55488
XILINX_CD_SESSION=e4343842-3a8e-4d2b-b460-857be6c642fd


VITIS-RUN command line:
------------------------------------------
G:/2025.2/Vitis/bin/unwrapped/win64.o/vitis-run.exe --mode hls --csim --config C:\Users\ielab1\mnvskn\NND\hls_config.cfg --work_dir NND 

FINAL PROGRAM OPTIONS
--config C:\Users\ielab1\mnvskn\NND\hls_config.cfg
--csim
--hls.flow_target vivado
--hls.package.output.format ip_catalog
--hls.package.output.syn false
--hls.syn.file nand.h
--hls.syn.file nand.cpp
--hls.tb.file nand_test.cpp
--mode hls
--part xc7a35tftg256-1
--work_dir NND

PARSED COMMAND LINE OPTIONS
--mode hls 
--csim 
--config C:\Users\ielab1\mnvskn\NND\hls_config.cfg 
--work_dir NND 

PARSED CONFIG FILE (1) OPTIONS
file: C:\Users\ielab1\mnvskn\NND\hls_config.cfg
part xc7a35tftg256-1 
hls.flow_target vivado 
hls.package.output.format ip_catalog 
hls.package.output.syn false 
hls.syn.file nand.h 
hls.syn.file nand.cpp 
hls.tb.file nand_test.cpp 


==========================================
new:  steps log generated by v++ for new launch 
timestamp: 01 Oct 2026 15:32:12

------------------------------------------
VITIS-RUN command line :
------------------------------------------
G:/2025.2/Vitis/bin/unwrapped/win64.o/vitis-run.exe --mode hls --csim --config C:\Users\ielab1\mnvskn\NND\hls_config.cfg --work_dir NND 
  Options from -O    : 
  Options from *.ini : 
  Options from Hw Platform : 

==========================================
new:  steps log generated by v++ for new launch 
timestamp: 01 Oct 2026 15:35:20

------------------------------------------
VITIS-RUN command line :
------------------------------------------
G:/2025.2/Vitis/bin/unwrapped/win64.o/vitis-run.exe --mode hls --csim --config C:\Users\ielab1\mnvskn\NND\hls_config.cfg --work_dir NND 
  Options from -O    : 
  Options from *.ini : 
  Options from Hw Platform : 

==========================================
new:  steps log generated by v++ for new launch 
timestamp: 01 Oct 2026 15:36:50

------------------------------------------
VITIS-RUN command line :
------------------------------------------
G:/2025.2/Vitis/bin/unwrapped/win64.o/vitis-run.exe --mode hls --csim --config C:\Users\ielab1\mnvskn\NND\hls_config.cfg --work_dir NND 
  Options from -O    : 
  Options from *.ini : 
  Options from Hw Platform : 

==========================================
new:  steps log generated by v++ for new launch 
timestamp: 01 Oct 2026 15:37:17

------------------------------------------
VITIS-RUN command line :
------------------------------------------
G:/2025.2/Vitis/bin/unwrapped/win64.o/vitis-run.exe --mode hls --csim --config C:\Users\ielab1\mnvskn\NND\hls_config.cfg --work_dir NND 
  Options from -O    : 
  Options from *.ini : 
  Options from Hw Platform : 

==========================================
new:  steps log generated by v++ for new launch 
timestamp: 01 Oct 2026 15:38:36

------------------------------------------
VITIS-RUN command line :
------------------------------------------
G:/2025.2/Vitis/bin/unwrapped/win64.o/vitis-run.exe --mode hls --csim --config C:\Users\ielab1\mnvskn\NND\hls_config.cfg --work_dir NND 
  Options from -O    : 
  Options from *.ini : 
  Options from Hw Platform : 

==========================================
new:  steps log generated by v++ for new launch 
timestamp: 01 Oct 2026 15:46:28

------------------------------------------
VITIS-RUN command line :
------------------------------------------
G:/2025.2/Vitis/bin/unwrapped/win64.o/vitis-run.exe --mode hls --csim --config C:\Users\ielab1\mnvskn\NND\hls_config.cfg --work_dir NND 
  Options from -O    : 
  Options from *.ini : 
  Options from Hw Platform : 

==========================================
new:  steps log generated by v++ for new launch 
timestamp: 01 Oct 2026 15:48:17

------------------------------------------
VITIS-RUN command line :
------------------------------------------
G:/2025.2/Vitis/bin/unwrapped/win64.o/vitis-run.exe --mode hls --csim --config C:\Users\ielab1\mnvskn\NND\hls_config.cfg --work_dir NND 
  Options from -O    : 
  Options from *.ini : 
  Options from Hw Platform : 

==========================================
new:  steps log generated by v++ for new launch 
timestamp: 01 Oct 2026 15:56:36

------------------------------------------
VITIS-RUN command line :
------------------------------------------
G:/2025.2/Vitis/bin/unwrapped/win64.o/vitis-run.exe --mode hls --csim --config C:\Users\ielab1\mnvskn\NND\hls_config.cfg --work_dir NND 
  Options from -O    : 
  Options from *.ini : 
  Options from Hw Platform : 

==========================================
new:  steps log generated by v++ for new launch 
timestamp: 01 Oct 2026 16:00:15

------------------------------------------
VITIS-RUN command line :
------------------------------------------
G:/2025.2/Vitis/bin/unwrapped/win64.o/vitis-run.exe --mode hls --csim --config C:\Users\ielab1\mnvskn\NND\hls_config.cfg --work_dir NND 
  Options from -O    : 
  Options from *.ini : 
  Options from Hw Platform : 

==========================================
new:  steps log generated by v++ for new launch 
timestamp: 01 Oct 2026 16:04:05

------------------------------------------
VITIS-RUN command line :
------------------------------------------
G:/2025.2/Vitis/bin/unwrapped/win64.o/vitis-run.exe --mode hls --csim --config C:\Users\ielab1\mnvskn\NND\hls_config.cfg --work_dir NND 
  Options from -O    : 
  Options from *.ini : 
  Options from Hw Platform : 

==========================================
new:  steps log generated by v++ for new launch 
timestamp: 01 Oct 2026 16:04:42

------------------------------------------
V++ command line :
------------------------------------------
G:/2025.2/Vitis/bin/unwrapped/win64.o/v++.exe -c --mode hls --config C:\Users\ielab1\mnvskn\NND\hls_config.cfg --work_dir NND 
  Options from -O    : 
  Options from *.ini : 
  Options from Hw Platform : 

==========================================
new:  steps log generated by v++ for new launch 
timestamp: 01 Oct 2026 16:05:15

------------------------------------------
VITIS-RUN command line :
------------------------------------------
G:/2025.2/Vitis/bin/unwrapped/win64.o/vitis-run.exe --mode hls --csim --config C:\Users\ielab1\mnvskn\NND\hls_config.cfg --work_dir NND 
  Options from -O    : 
  Options from *.ini : 
  Options from Hw Platform : 

==========================================
new:  steps log generated by v++ for new launch 
timestamp: 01 Oct 2026 16:11:21

------------------------------------------
V++ command line :
------------------------------------------
G:/2025.2/Vitis/bin/unwrapped/win64.o/v++.exe -c --mode hls --config C:\Users\ielab1\mnvskn\NND\hls_config.cfg --work_dir NND 
  Options from -O    : 
  Options from *.ini : 
  Options from Hw Platform : 

==========================================
new:  steps log generated by v++ for new launch 
timestamp: 01 Oct 2026 16:11:55

------------------------------------------
VITIS-RUN command line :
------------------------------------------
G:/2025.2/Vitis/bin/unwrapped/win64.o/vitis-run.exe --mode hls --csim --config C:\Users\ielab1\mnvskn\NND\hls_config.cfg --work_dir NND 
  Options from -O    : 
  Options from *.ini : 
  Options from Hw Platform : 

==========================================
new:  steps log generated by v++ for new launch 
timestamp: 05 Oct 2026 11:16:56

------------------------------------------
VITIS-RUN command line :
------------------------------------------
G:/2025.2/Vitis/bin/unwrapped/win64.o/vitis-run.exe --mode hls --csim --config C:\Users\ielab1\mnvskn\NND\hls_config.cfg --work_dir NND 
  Options from -O    : 
  Options from *.ini : 
  Options from Hw Platform : 

==========================================
new:  steps log generated by v++ for new launch 
timestamp: 05 Oct 2026 11:19:43

------------------------------------------
VITIS-RUN command line :
------------------------------------------
G:/2025.2/Vitis/bin/unwrapped/win64.o/vitis-run.exe --mode hls --csim --config C:\Users\ielab1\mnvskn\NND\hls_config.cfg --work_dir NND 
  Options from -O    : 
  Options from *.ini : 
  Options from Hw Platform : 

==========================================
new:  steps log generated by v++ for new launch 
timestamp: 05 Oct 2026 11:20:19

------------------------------------------
VITIS-RUN command line :
------------------------------------------
G:/2025.2/Vitis/bin/unwrapped/win64.o/vitis-run.exe --mode hls --csim --config C:\Users\ielab1\mnvskn\NND\hls_config.cfg --work_dir NND 
  Options from -O    : 
  Options from *.ini : 
  Options from Hw Platform : 

==========================================
new:  steps log generated by v++ for new launch 
timestamp: 05 Oct 2026 11:20:51

------------------------------------------
VITIS-RUN command line :
------------------------------------------
G:/2025.2/Vitis/bin/unwrapped/win64.o/vitis-run.exe --mode hls --csim --config C:\Users\ielab1\mnvskn\NND\hls_config.cfg --work_dir NND 
  Options from -O    : 
  Options from *.ini : 
  Options from Hw Platform : 

==========================================
new:  steps log generated by v++ for new launch 
timestamp: 05 Oct 2026 11:21:46
