  **** HLS Build v2025.2 6295257
INFO: [HLS 200-2005] Using work_dir C:/Users/ielab1/mnvskn/XOR/XOR 
INFO: [HLS 200-2176] Writing Vitis IDE component file C:/Users/ielab1/mnvskn/XOR/XOR/vitis-comp.json
INFO: [HLS 200-10] Creating and opening component 'C:/Users/ielab1/mnvskn/XOR/XOR'.
INFO: [HLS 200-1505] Using default flow_target 'vivado'
Resolution: For help on HLS 200-1505 see docs.amd.com/access/sources/dita/topic?Doc_Version=2025.2%20English&url=ug1448-hls-guidance&resourceid=200-1505.html
INFO: [HLS 200-2174] Applying component config ini file hls_config.cfg
INFO: [HLS 200-1465] Applying config ini 'syn.file=nand.h' from hls_config.cfg(7)
INFO: [HLS 200-10] Adding design file 'C:/Users/ielab1/mnvskn/XOR/nand.h' to the project
INFO: [HLS 200-1465] Applying config ini 'syn.file=nand.cpp' from hls_config.cfg(8)
INFO: [HLS 200-10] Adding design file 'C:/Users/ielab1/mnvskn/XOR/nand.cpp' to the project
INFO: [HLS 200-1465] Applying config ini 'syn.file=xor.cpp' from hls_config.cfg(9)
INFO: [HLS 200-10] Adding design file 'C:/Users/ielab1/mnvskn/XOR/xor.cpp' to the project
INFO: [HLS 200-1465] Applying config ini 'syn.file=xor.h' from hls_config.cfg(10)
INFO: [HLS 200-10] Adding design file 'C:/Users/ielab1/mnvskn/XOR/xor.h' to the project
INFO: [HLS 200-1465] Applying config ini 'tb.file=xor_test.cpp' from hls_config.cfg(11)
INFO: [HLS 200-10] Adding test bench file 'C:/Users/ielab1/mnvskn/XOR/xor_test.cpp' to the project
INFO: [HLS 200-1465] Applying config ini 'syn.top=xorg' from hls_config.cfg(12)
INFO: [HLS 200-1465] Applying config ini 'flow_target=vivado' from hls_config.cfg(4)
INFO: [HLS 200-1505] Using flow_target 'vivado'
Resolution: For help on HLS 200-1505 see docs.amd.com/access/sources/dita/topic?Doc_Version=2025.2%20English&url=ug1448-hls-guidance&resourceid=200-1505.html
INFO: [HLS 200-1465] Applying config ini 'part=xc7a35tftg256-1' from hls_config.cfg(1)
INFO: [HLS 200-1611] Setting target device to 'xc7a35t-ftg256-1'
INFO: [HLS 200-1465] Applying config ini 'package.output.format=ip_catalog' from hls_config.cfg(5)
INFO: [HLS 200-2176] Writing Vitis IDE component file C:/Users/ielab1/mnvskn/XOR/XOR/vitis-comp.json
INFO: [HLS 200-111] Finished File checks and directory preparation: CPU user time: 2 seconds. CPU system time: 1 seconds. Elapsed time: 4.556 seconds; current allocated memory: 144.410 MB.
INFO: [HLS 200-2191] C-Synthesis will use clang-16 as the compiler
INFO: [HLS 200-10] Analyzing design file 'xor.cpp' ... 
INFO: [HLS 200-10] Analyzing design file 'nand.cpp' ... 
INFO: [HLS 200-111] Finished Source Code Analysis and Preprocessing: CPU user time: 0 seconds. CPU system time: 0 seconds. Elapsed time: 16.112 seconds; current allocated memory: 147.145 MB.
INFO: [HLS 200-777] Using interface defaults for 'Vivado' flow target.
INFO: [HLS 200-1995] There were 18,390 instructions in the design after the 'Compile/Link' phase of compilation. See the Design Size Report for more details (C:/Users/ielab1/mnvskn/XOR/XOR/hls/syn/report/csynth_design_size.rpt:2)
INFO: [HLS 200-1995] There were 1,910 instructions in the design after the 'Unroll/Inline (step 1)' phase of compilation. See the Design Size Report for more details (C:/Users/ielab1/mnvskn/XOR/XOR/hls/syn/report/csynth_design_size.rpt:2)
INFO: [HLS 200-1995] There were 699 instructions in the design after the 'Unroll/Inline (step 2)' phase of compilation. See the Design Size Report for more details (C:/Users/ielab1/mnvskn/XOR/XOR/hls/syn/report/csynth_design_size.rpt:2)
INFO: [HLS 200-1995] There were 563 instructions in the design after the 'Unroll/Inline (step 3)' phase of compilation. See the Design Size Report for more details (C:/Users/ielab1/mnvskn/XOR/XOR/hls/syn/report/csynth_design_size.rpt:2)
INFO: [HLS 200-1995] There were 535 instructions in the design after the 'Unroll/Inline (step 4)' phase of compilation. See the Design Size Report for more details (C:/Users/ielab1/mnvskn/XOR/XOR/hls/syn/report/csynth_design_size.rpt:2)
INFO: [HLS 200-1995] There were 535 instructions in the design after the 'Array/Struct (step 1)' phase of compilation. See the Design Size Report for more details (C:/Users/ielab1/mnvskn/XOR/XOR/hls/syn/report/csynth_design_size.rpt:2)
INFO: [HLS 200-1995] There were 535 instructions in the design after the 'Array/Struct (step 2)' phase of compilation. See the Design Size Report for more details (C:/Users/ielab1/mnvskn/XOR/XOR/hls/syn/report/csynth_design_size.rpt:2)
INFO: [HLS 200-1995] There were 535 instructions in the design after the 'Array/Struct (step 3)' phase of compilation. See the Design Size Report for more details (C:/Users/ielab1/mnvskn/XOR/XOR/hls/syn/report/csynth_design_size.rpt:2)
INFO: [HLS 200-1995] There were 535 instructions in the design after the 'Array/Struct (step 4)' phase of compilation. See the Design Size Report for more details (C:/Users/ielab1/mnvskn/XOR/XOR/hls/syn/report/csynth_design_size.rpt:2)
INFO: [HLS 200-1995] There were 535 instructions in the design after the 'Array/Struct (step 5)' phase of compilation. See the Design Size Report for more details (C:/Users/ielab1/mnvskn/XOR/XOR/hls/syn/report/csynth_design_size.rpt:2)
INFO: [HLS 200-1995] There were 535 instructions in the design after the 'Performance (step 1)' phase of compilation. See the Design Size Report for more details (C:/Users/ielab1/mnvskn/XOR/XOR/hls/syn/report/csynth_design_size.rpt:2)
INFO: [HLS 200-1995] There were 535 instructions in the design after the 'Performance (step 2)' phase of compilation. See the Design Size Report for more details (C:/Users/ielab1/mnvskn/XOR/XOR/hls/syn/report/csynth_design_size.rpt:2)
INFO: [HLS 200-1995] There were 535 instructions in the design after the 'Performance (step 3)' phase of compilation. See the Design Size Report for more details (C:/Users/ielab1/mnvskn/XOR/XOR/hls/syn/report/csynth_design_size.rpt:2)
INFO: [HLS 200-1995] There were 535 instructions in the design after the 'Performance (step 4)' phase of compilation. See the Design Size Report for more details (C:/Users/ielab1/mnvskn/XOR/XOR/hls/syn/report/csynth_design_size.rpt:2)
INFO: [HLS 200-1995] There were 533 instructions in the design after the 'HW Transforms (step 1)' phase of compilation. See the Design Size Report for more details (C:/Users/ielab1/mnvskn/XOR/XOR/hls/syn/report/csynth_design_size.rpt:2)
INFO: [HLS 200-1995] There were 567 instructions in the design after the 'HW Transforms (step 2)' phase of compilation. See the Design Size Report for more details (C:/Users/ielab1/mnvskn/XOR/XOR/hls/syn/report/csynth_design_size.rpt:2)
INFO: [HLS 214-178] Inlining function 'train_nnd_lower(ap_uint<1>, ap_uint<1>)' into 'train_nnd_upper()' (nand.cpp:18:0)
INFO: [HLS 214-178] Inlining function 'train_nnd_upper()' into 'nnd(ap_uint<1>, ap_uint<1>, ap_uint<1>&)' (nand.cpp:42:0)
INFO: [HLS 214-376] Pipelining loop< VITIS_LOOP_21_2> at nand.cpp:21:26 due to pipeline_loops threshold
WARNING: [HLS 214-238] Unable to apply INTERFACE pragma options on a pass by value struct member field. Consider changing the signature of the struct to a pass by reference or as a pointer. In function 'xorg(ap_uint<1>, ap_uint<1>, ap_uint<1>&)' (xor.cpp:11:1)
WARNING: [HLS 214-238] Unable to apply INTERFACE pragma options on a pass by value struct member field. Consider changing the signature of the struct to a pass by reference or as a pointer. In function 'xorg(ap_uint<1>, ap_uint<1>, ap_uint<1>&)' (xor.cpp:12:1)
WARNING: [HLS 214-238] Unable to apply INTERFACE pragma options on a pass by value struct member field. Consider changing the signature of the struct to a pass by reference or as a pointer. In function 'xorg(ap_uint<1>, ap_uint<1>, ap_uint<1>&)' (xor.cpp:13:1)
INFO: [HLS 200-111] Finished Compiling Optimization and Transform: CPU user time: 0 seconds. CPU system time: 1 seconds. Elapsed time: 9.116 seconds; current allocated memory: 149.090 MB.
INFO: [HLS 200-111] Finished Checking Pragmas: CPU user time: 0 seconds. CPU system time: 0 seconds. Elapsed time: 0.005 seconds; current allocated memory: 149.090 MB.
INFO: [HLS 200-10] Starting code transformations ...
INFO: [HLS 200-111] Finished Standard Transforms: CPU user time: 0 seconds. CPU system time: 0 seconds. Elapsed time: 0.036 seconds; current allocated memory: 153.531 MB.
INFO: [HLS 200-10] Checking synthesizability ...
INFO: [HLS 200-111] Finished Checking Synthesizability: CPU user time: 0 seconds. CPU system time: 0 seconds. Elapsed time: 0.026 seconds; current allocated memory: 155.180 MB.
INFO: [HLS 200-111] Finished Loop, function and other optimizations: CPU user time: 0 seconds. CPU system time: 0 seconds. Elapsed time: 0.058 seconds; current allocated memory: 176.312 MB.
INFO: [XFORM 203-541] Flattening a loop nest 'VITIS_LOOP_19_1' (nand.cpp:19:22) in function 'nnd'.
INFO: [HLS 200-111] Finished Architecture Synthesis: CPU user time: 0 seconds. CPU system time: 0 seconds. Elapsed time: 0.054 seconds; current allocated memory: 187.707 MB.
INFO: [HLS 200-10] Starting hardware synthesis ...
INFO: [HLS 200-10] Synthesizing 'xorg' ...
INFO: [SYN 201-201] Setting up clock 'default' with a period of 10ns.
INFO: [HLS 200-10] ----------------------------------------------------------------
INFO: [HLS 200-42] -- Implementing module 'nnd_Pipeline_VITIS_LOOP_19_1_VITIS_LOOP_21_2' 
INFO: [HLS 200-10] ----------------------------------------------------------------
INFO: [SCHED 204-11] Starting scheduling ...
INFO: [SCHED 204-61] Pipelining loop 'VITIS_LOOP_19_1_VITIS_LOOP_21_2'.
WARNING: [HLS 200-880] The II Violation in module 'nnd_Pipeline_VITIS_LOOP_19_1_VITIS_LOOP_21_2' (loop 'VITIS_LOOP_19_1_VITIS_LOOP_21_2'): Unable to enforce a carried dependence constraint (II = 1, distance = 1, offset = 1) between 'sub' operation 8 bit ('sub_ln12', nand.cpp:12->nand.cpp:33->nand.cpp:49) and 'icmp' operation 1 bit ('error', nand.cpp:11->nand.cpp:33->nand.cpp:49).
Resolution: For help on HLS 200-880 see docs.amd.com/access/sources/dita/topic?Doc_Version=2025.2%20English&url=ug1448-hls-guidance&resourceid=200-880.html
INFO: [HLS 200-1470] Pipelining result : Target II = NA, Final II = 2, Depth = 3, loop 'VITIS_LOOP_19_1_VITIS_LOOP_21_2'
INFO: [SCHED 204-11] Finished scheduling.
INFO: [HLS 200-111] Finished Scheduling: CPU user time: 0 seconds. CPU system time: 0 seconds. Elapsed time: 0.136 seconds; current allocated memory: 191.727 MB.
INFO: [BIND 205-100] Starting micro-architecture generation ...
INFO: [BIND 205-101] Performing variable lifetime analysis.
INFO: [BIND 205-101] Exploring resource sharing.
INFO: [BIND 205-101] Binding ...
INFO: [BIND 205-100] Finished micro-architecture generation.
INFO: [HLS 200-111] Finished Binding: CPU user time: 0 seconds. CPU system time: 0 seconds. Elapsed time: 0.028 seconds; current allocated memory: 192.707 MB.
INFO: [HLS 200-10] ----------------------------------------------------------------
INFO: [HLS 200-42] -- Implementing module 'nnd' 
INFO: [HLS 200-10] ----------------------------------------------------------------
INFO: [SCHED 204-11] Starting scheduling ...
INFO: [SCHED 204-11] Finished scheduling.
INFO: [HLS 200-111] Finished Scheduling: CPU user time: 0 seconds. CPU system time: 0 seconds. Elapsed time: 0.033 seconds; current allocated memory: 192.801 MB.
INFO: [BIND 205-100] Starting micro-architecture generation ...
INFO: [BIND 205-101] Performing variable lifetime analysis.
INFO: [BIND 205-101] Exploring resource sharing.
INFO: [BIND 205-101] Binding ...
INFO: [BIND 205-100] Finished micro-architecture generation.
INFO: [HLS 200-111] Finished Binding: CPU user time: 0 seconds. CPU system time: 0 seconds. Elapsed time: 0.018 seconds; current allocated memory: 192.906 MB.
INFO: [HLS 200-10] ----------------------------------------------------------------
INFO: [HLS 200-42] -- Implementing module 'xorg' 
INFO: [HLS 200-10] ----------------------------------------------------------------
INFO: [SCHED 204-11] Starting scheduling ...
INFO: [SCHED 204-11] Finished scheduling.
INFO: [HLS 200-111] Finished Scheduling: CPU user time: 0 seconds. CPU system time: 0 seconds. Elapsed time: 1.613 seconds; current allocated memory: 192.910 MB.
INFO: [BIND 205-100] Starting micro-architecture generation ...
INFO: [BIND 205-101] Performing variable lifetime analysis.
INFO: [BIND 205-101] Exploring resource sharing.
INFO: [BIND 205-101] Binding ...
INFO: [BIND 205-100] Finished micro-architecture generation.
INFO: [HLS 200-111] Finished Binding: CPU user time: 0 seconds. CPU system time: 0 seconds. Elapsed time: 0.035 seconds; current allocated memory: 192.918 MB.
INFO: [HLS 200-10] ----------------------------------------------------------------
INFO: [HLS 200-10] -- Generating RTL for module 'nnd_Pipeline_VITIS_LOOP_19_1_VITIS_LOOP_21_2' 
INFO: [HLS 200-10] ----------------------------------------------------------------
INFO: [HLS 200-1030] Apply Unified Pipeline Control on module 'nnd_Pipeline_VITIS_LOOP_19_1_VITIS_LOOP_21_2' pipeline 'VITIS_LOOP_19_1_VITIS_LOOP_21_2' pipeline type 'loop pipeline'
INFO: [RTGEN 206-100] Finished creating RTL model for 'nnd_Pipeline_VITIS_LOOP_19_1_VITIS_LOOP_21_2'.
INFO: [HLS 200-111] Finished Creating RTL model: CPU user time: 0 seconds. CPU system time: 0 seconds. Elapsed time: 0.048 seconds; current allocated memory: 194.348 MB.
INFO: [HLS 200-10] ----------------------------------------------------------------
INFO: [HLS 200-10] -- Generating RTL for module 'nnd' 
INFO: [HLS 200-10] ----------------------------------------------------------------
WARNING: [RTGEN 206-101] Register 'isTrained' is power-on initialization.
WARNING: [RTGEN 206-101] Register 'w1' is power-on initialization.
WARNING: [RTGEN 206-101] Register 'w2' is power-on initialization.
WARNING: [RTGEN 206-101] Register 'bias' is power-on initialization.
INFO: [RTGEN 206-100] Finished creating RTL model for 'nnd'.
INFO: [HLS 200-111] Finished Creating RTL model: CPU user time: 0 seconds. CPU system time: 0 seconds. Elapsed time: 0.163 seconds; current allocated memory: 196.078 MB.
INFO: [HLS 200-10] ----------------------------------------------------------------
INFO: [HLS 200-10] -- Generating RTL for module 'xorg' 
INFO: [HLS 200-10] ----------------------------------------------------------------
INFO: [RTGEN 206-500] Setting interface mode on port 'xorg/a' to 'ap_none'.
INFO: [RTGEN 206-500] Setting interface mode on port 'xorg/b' to 'ap_none'.
INFO: [RTGEN 206-500] Setting interface mode on port 'xorg/c' to 'ap_none'.
WARNING: [RTGEN 206-101] Port 'c' with mode 'ap_none' may require an associated data valid signal to correctly communicate with other blocks or a test bench; automatic C/RTL co-simulation may not be able to verify such a port.
INFO: [RTGEN 206-500] Setting interface mode on function 'xorg' to 'ap_ctrl_none'.
INFO: [RTGEN 206-100] Finished creating RTL model for 'xorg'.
INFO: [HLS 200-111] Finished Creating RTL model: CPU user time: 1 seconds. CPU system time: 0 seconds. Elapsed time: 0.095 seconds; current allocated memory: 196.770 MB.
INFO: [HLS 200-111] Finished Generating all RTL models: CPU user time: 0 seconds. CPU system time: 0 seconds. Elapsed time: 0.269 seconds; current allocated memory: 200.281 MB.
INFO: [HLS 200-2225] Wrote inferred directives to file C:/Users/ielab1/mnvskn/XOR/XOR/hls/syn/inferred_directives.ini
INFO: [HLS 200-111] Finished Updating report files: CPU user time: 0 seconds. CPU system time: 0 seconds. Elapsed time: 0.912 seconds; current allocated memory: 202.344 MB.
INFO: [VHDL 208-304] Generating VHDL RTL for xorg.
INFO: [VLOG 209-307] Generating Verilog RTL for xorg.
INFO: [HLS 200-789] **** Estimated Fmax: 147.36 MHz
INFO: [HLS 200-112] Total CPU user time: 3 seconds. Total CPU system time: 2 seconds. Total elapsed time: 33.337 seconds; peak allocated memory: 202.402 MB.
INFO: [v++ 60-791] Total elapsed time: 0h 0m 37s
