================================================================
== Design Size Report
================================================================

* Total Instructions per Compilation Phase
+---------------+----------------------------+--------------+----------------------------------------------------------------------------------------+
| Phase         | Step                       | Instructions | Description                                                                            |
+---------------+----------------------------+--------------+----------------------------------------------------------------------------------------+
| Compile/Link  |                            | 18,387       | After all functions are compiled and linked into a single design                       |
|               |                            |              |                                                                                        |
| Unroll/Inline |                            |              | After user unroll and inline pragmas are applied                                       |
|               | (1) unroll                 |  1,907       | user unroll pragmas are applied                                                        |
|               | (2) simplification         |    696       | simplification of applied user unroll pragmas                                          |
|               | (3) inline                 |    560       | user inline pragmas are applied                                                        |
|               | (4) simplification         |    532       | simplification of applied user inline pragmas                                          |
|               |                            |              |                                                                                        |
| Array/Struct  |                            |              | After user array partition and struct aggregate/disaggregate pragmas are applied       |
|               | (1) array partition        |    532       | user array partition pragmas are applied                                               |
|               | (2) simplification         |    532       | simplification of applied user array partition & struct aggregate/disaggregate pragmas |
|               | (3) aggregate/disaggregate |    532       | user struct aggregate/disaggregate pragmas are applied                                 |
|               | (4) array reshape          |    532       | apply array reshape pragmas                                                            |
|               | (5) access patterns        |    532       | array access pattern optmizations                                                      |
|               |                            |              |                                                                                        |
| Performance   |                            |              | After transformations are applied to meet performance pragma targets                   |
|               | (1) loop simplification    |    532       | loop and instruction simplification                                                    |
|               | (2) parallelization        |    532       | loops are unrolled or pipelined to meet performance targets                            |
|               | (3) array partition        |    532       | arrays are partitioned to meet performance targets                                     |
|               | (4) simplification         |    532       | simplification of design after performance transformations                             |
|               |                            |              |                                                                                        |
| HW Transforms |                            |              | After hardware transfomations                                                          |
|               | (1) lowering               |    533       | initial conversion to HW specific instructions                                         |
|               | (2) optimizations          |    567       | high level synthesis optimizations                                                     |
+---------------+----------------------------+--------------+----------------------------------------------------------------------------------------+

* Instructions per Function for each Compilation Phase
+----------------------+-------------+------------------+---------------+---------------+---------------+---------------+
| Function             | Location    | Compile/Link     | Unroll/Inline | Array/Struct  | Performance   | HW Transforms |
+----------------------+-------------+------------------+---------------+---------------+---------------+---------------+
| + xorg               | xor.cpp:4   | 18,387           | 532           | 532           | 532           | 567           |
|  + nnd               | nand.cpp:42 | 18,344 (4 calls) | 516 (4 calls) | 516 (4 calls) | 516 (4 calls) | 548 (4 calls) |
|   + train_nnd_upper  | nand.cpp:18 | 14,328 (4 calls) |               |               |               |               |
|      train_nnd_lower | nand.cpp:8  | 9,424 (4 calls)  |               |               |               |               |
+----------------------+-------------+------------------+---------------+---------------+---------------+---------------+

* Design Size Message Settings
+---------------------------------------------+--------+------------------------------------------------------------------+
| Message Setting                             | Value  | Description                                                      |
+---------------------------------------------+--------+------------------------------------------------------------------+
| config_compile -design_size_maximum_warning | 100000 | Show a warning when total design instructions exceeds this value |
+---------------------------------------------+--------+------------------------------------------------------------------+


