

================================================================
== Vitis HLS Report for 'nnd_Pipeline_VITIS_LOOP_19_1_VITIS_LOOP_21_2'
================================================================
* Date:           Thu Oct  1 17:06:58 2026

* Version:        2025.2 (Build 6295257 on Nov 14 2025)
* Project:        XOR
* Solution:       hls (Vivado IP Flow Target)
* Product family: artix7
* Target device:  xc7a35t-ftg256-1


================================================================
== Performance Estimates
================================================================
+ Timing: 
    * Summary: 
    +--------+----------+----------+------------+
    |  Clock |  Target  | Estimated| Uncertainty|
    +--------+----------+----------+------------+
    |ap_clk  |  10.00 ns|  6.786 ns|     2.70 ns|
    +--------+----------+----------+------------+

+ Latency: 
    * Summary: 
    +---------+---------+-----------+-----------+-----+-----+-------------------+
    |  Latency (cycles) |   Latency (absolute)  |  Interval |      Pipeline     |
    |   min   |   max   |    min    |    max    | min | max |        Type       |
    +---------+---------+-----------+-----------+-----+-----+-------------------+
    |     1602|     1602|  16.020 us|  16.020 us|    0|    0|  loop pipeline stp|
    +---------+---------+-----------+-----------+-----+-----+-------------------+

    + Detail: 
        * Instance: 
        N/A

        * Loop: 
        +-----------------------------------+---------+---------+----------+-----------+-----------+------+----------+
        |                                   |  Latency (cycles) | Iteration|  Initiation Interval  | Trip |          |
        |             Loop Name             |   min   |   max   |  Latency |  achieved |   target  | Count| Pipelined|
        +-----------------------------------+---------+---------+----------+-----------+-----------+------+----------+
        |- VITIS_LOOP_19_1_VITIS_LOOP_21_2  |     1600|     1600|         3|          2|          1|   800|       yes|
        +-----------------------------------+---------+---------+----------+-----------+-----------+------+----------+



================================================================
== Utilization Estimates
================================================================
* Summary: 
+-----------------+---------+----+-------+-------+-----+
|       Name      | BRAM_18K| DSP|   FF  |  LUT  | URAM|
+-----------------+---------+----+-------+-------+-----+
|DSP              |        -|   -|      -|      -|    -|
|Expression       |        -|   -|      0|    212|    -|
|FIFO             |        -|   -|      -|      -|    -|
|Instance         |        -|   -|      -|      -|    -|
|Memory           |        -|   -|      -|      -|    -|
|Multiplexer      |        -|   -|      0|    112|    -|
|Register         |        -|   -|     50|      -|    -|
+-----------------+---------+----+-------+-------+-----+
|Total            |        0|   0|     50|    324|    0|
+-----------------+---------+----+-------+-------+-----+
|Available        |      100|  90|  41600|  20800|    0|
+-----------------+---------+----+-------+-------+-----+
|Utilization (%)  |        0|   0|     ~0|      1|    0|
+-----------------+---------+----+-------+-------+-----+

+ Detail: 
    * Instance: 
    N/A

    * DSP: 
    N/A

    * Memory: 
    N/A

    * FIFO: 
    N/A

    * Expression: 
    +---------------------------+----------+----+---+----+------------+------------+
    |       Variable Name       | Operation| DSP| FF| LUT| Bitwidth P0| Bitwidth P1|
    +---------------------------+----------+----+---+----+------------+------------+
    |add_ln10_fu_211_p2         |         +|   0|  0|   8|           8|           8|
    |add_ln19_fu_81_p2          |         +|   0|  0|  17|          10|           1|
    |add_ln28_1_fu_181_p2       |         +|   0|  0|  17|          10|          10|
    |add_ln28_fu_163_p2         |         +|   0|  0|  16|           9|           9|
    |current_verdict_fu_217_p2  |         +|   0|  0|   8|           8|           8|
    |i_1_fu_243_p2              |         +|   0|  0|  11|           3|           1|
    |sub_ln12_fu_269_p2         |         -|   0|  0|  15|           8|           8|
    |sub_ln13_fu_296_p2         |         -|   0|  0|  15|           8|           8|
    |sub_ln14_fu_318_p2         |         -|   0|  0|  15|           8|           8|
    |and_ln11_fu_231_p2         |       and|   0|  0|   8|           8|           8|
    |and_ln12_fu_253_p2         |       and|   0|  0|   2|           1|           1|
    |and_ln13_fu_280_p2         |       and|   0|  0|   2|           1|           1|
    |and_ln28_1_fu_153_p2       |       and|   0|  0|   8|           8|           8|
    |and_ln28_2_fu_195_p2       |       and|   0|  0|   2|           1|           1|
    |and_ln28_fu_132_p2         |       and|   0|  0|   8|           8|           8|
    |error_fu_237_p2            |      icmp|   0|  0|  15|           8|           1|
    |icmp_ln19_fu_75_p2         |      icmp|   0|  0|  17|          10|           9|
    |icmp_ln21_fu_90_p2         |      icmp|   0|  0|  13|           3|           4|
    |select_ln11_fu_223_p3      |    select|   0|  0|   2|           1|           2|
    |select_ln19_fu_96_p3       |    select|   0|  0|   3|           1|           1|
    |select_ln28_1_fu_146_p3    |    select|   0|  0|   2|           1|           2|
    |select_ln28_fu_125_p3      |    select|   0|  0|   2|           1|           2|
    |ap_enable_pp0              |       xor|   0|  0|   2|           1|           2|
    |c_expect_fu_199_p2         |       xor|   0|  0|   2|           2|           1|
    |xor_ln31_fu_205_p2         |       xor|   0|  0|   2|           1|           1|
    +---------------------------+----------+----+---+----+------------+------------+
    |Total                      |          |   0|  0| 212|         128|         113|
    +---------------------------+----------+----+---+----+------------+------------+

    * Multiplexer: 
    +--------------------------------------+----+-----------+-----+-----------+
    |                 Name                 | LUT| Input Size| Bits| Total Bits|
    +--------------------------------------+----+-----------+-----+-----------+
    |ap_NS_fsm                             |  13|          3|    1|          3|
    |ap_done_int                           |   9|          2|    1|          2|
    |ap_enable_reg_pp0_iter0               |   9|          2|    1|          2|
    |ap_enable_reg_pp0_iter0_reg           |   9|          2|    1|          2|
    |ap_enable_reg_pp0_iter1               |   9|          2|    1|          2|
    |ap_sig_allocacmp_i_load               |   9|          2|    3|          6|
    |ap_sig_allocacmp_indvar_flatten_load  |   9|          2|   10|         20|
    |bias_o                                |   9|          2|    8|         16|
    |i_fu_54                               |   9|          2|    3|          6|
    |indvar_flatten_fu_58                  |   9|          2|   10|         20|
    |w1_o                                  |   9|          2|    8|         16|
    |w2_o                                  |   9|          2|    8|         16|
    +--------------------------------------+----+-----------+-----+-----------+
    |Total                                 | 112|         25|   55|        111|
    +--------------------------------------+----+-----------+-----+-----------+

    * Register: 
    +-----------------------------+----+----+-----+-----------+
    |             Name            | FF | LUT| Bits| Const Bits|
    +-----------------------------+----+----+-----+-----------+
    |a_reg_352                    |   1|   0|    1|          0|
    |ap_CS_fsm                    |   2|   0|    2|          0|
    |ap_done_reg                  |   1|   0|    1|          0|
    |ap_enable_reg_pp0_iter0_reg  |   1|   0|    1|          0|
    |ap_enable_reg_pp0_iter1      |   1|   0|    1|          0|
    |b_reg_359                    |   1|   0|    1|          0|
    |bias_load_reg_376            |   8|   0|    8|          0|
    |error_reg_385                |   1|   0|    1|          0|
    |i_fu_54                      |   3|   0|    3|          0|
    |icmp_ln19_reg_343            |   1|   0|    1|          0|
    |indvar_flatten_fu_58         |  10|   0|   10|          0|
    |select_ln19_reg_347          |   3|   0|    3|          0|
    |w1_load_reg_366              |   8|   0|    8|          0|
    |w2_load_reg_371              |   8|   0|    8|          0|
    |xor_ln31_reg_381             |   1|   0|    1|          0|
    +-----------------------------+----+----+-----+-----------+
    |Total                        |  50|   0|   50|          0|
    +-----------------------------+----+----+-----+-----------+



================================================================
== Interface
================================================================
* Summary: 
+---------------+-----+-----+------------+----------------------------------------------+--------------+
|   RTL Ports   | Dir | Bits|  Protocol  |                 Source Object                |    C Type    |
+---------------+-----+-----+------------+----------------------------------------------+--------------+
|ap_clk         |   in|    1|  ap_ctrl_hs|  nnd_Pipeline_VITIS_LOOP_19_1_VITIS_LOOP_21_2|  return value|
|ap_rst         |   in|    1|  ap_ctrl_hs|  nnd_Pipeline_VITIS_LOOP_19_1_VITIS_LOOP_21_2|  return value|
|ap_start       |   in|    1|  ap_ctrl_hs|  nnd_Pipeline_VITIS_LOOP_19_1_VITIS_LOOP_21_2|  return value|
|ap_done        |  out|    1|  ap_ctrl_hs|  nnd_Pipeline_VITIS_LOOP_19_1_VITIS_LOOP_21_2|  return value|
|ap_idle        |  out|    1|  ap_ctrl_hs|  nnd_Pipeline_VITIS_LOOP_19_1_VITIS_LOOP_21_2|  return value|
|ap_ready       |  out|    1|  ap_ctrl_hs|  nnd_Pipeline_VITIS_LOOP_19_1_VITIS_LOOP_21_2|  return value|
|w1_i           |   in|    8|     ap_ovld|                                            w1|       pointer|
|w1_o           |  out|    8|     ap_ovld|                                            w1|       pointer|
|w1_o_ap_vld    |  out|    1|     ap_ovld|                                            w1|       pointer|
|w2_i           |   in|    8|     ap_ovld|                                            w2|       pointer|
|w2_o           |  out|    8|     ap_ovld|                                            w2|       pointer|
|w2_o_ap_vld    |  out|    1|     ap_ovld|                                            w2|       pointer|
|bias_i         |   in|    8|     ap_ovld|                                          bias|       pointer|
|bias_o         |  out|    8|     ap_ovld|                                          bias|       pointer|
|bias_o_ap_vld  |  out|    1|     ap_ovld|                                          bias|       pointer|
+---------------+-----+-----+------------+----------------------------------------------+--------------+

