

================================================================
== Vitis HLS Report for 'xorg'
================================================================
* Date:           Thu Oct  1 17:06:58 2026

* Version:        2025.2 (Build 6295257 on Nov 14 2025)
* Project:        XOR
* Solution:       hls (Vivado IP Flow Target)
* Product family: artix7
* Target device:  xc7a35t-ftg256-1


================================================================
== Performance Estimates
================================================================
+ Timing: 
    * Summary: 
    +--------+----------+----------+------------+
    |  Clock |  Target  | Estimated| Uncertainty|
    +--------+----------+----------+------------+
    |ap_clk  |  10.00 ns|  6.786 ns|     2.70 ns|
    +--------+----------+----------+------------+

+ Latency: 
    * Summary: 
    +---------+---------+----------+-----------+-----+------+---------+
    |  Latency (cycles) |  Latency (absolute)  |  Interval  | Pipeline|
    |   min   |   max   |    min   |    max    | min |  max |   Type  |
    +---------+---------+----------+-----------+-----+------+---------+
    |       11|     6423|  0.110 us|  64.230 us|   12|  6424|       no|
    +---------+---------+----------+-----------+-----+------+---------+

    + Detail: 
        * Instance: 
        +---------------+-------+---------+---------+-----------+-----------+-----+------+---------+
        |               |       |  Latency (cycles) |   Latency (absolute)  |  Interval  | Pipeline|
        |    Instance   | Module|   min   |   max   |    min    |    max    | min |  max |   Type  |
        +---------------+-------+---------+---------+-----------+-----------+-----+------+---------+
        |grp_nnd_fu_57  |nnd    |        1|     1604|  10.000 ns|  16.040 us|    1|  1604|       no|
        +---------------+-------+---------+---------+-----------+-----------+-----+------+---------+

        * Loop: 
        N/A



================================================================
== Utilization Estimates
================================================================
* Summary: 
+-----------------+---------+----+-------+-------+-----+
|       Name      | BRAM_18K| DSP|   FF  |  LUT  | URAM|
+-----------------+---------+----+-------+-------+-----+
|DSP              |        -|   -|      -|      -|    -|
|Expression       |        -|   -|      -|      -|    -|
|FIFO             |        -|   -|      -|      -|    -|
|Instance         |        -|   -|     80|    388|    -|
|Memory           |        -|   -|      -|      -|    -|
|Multiplexer      |        -|   -|      0|     71|    -|
|Register         |        -|   -|     14|      -|    -|
+-----------------+---------+----+-------+-------+-----+
|Total            |        0|   0|     94|    459|    0|
+-----------------+---------+----+-------+-------+-----+
|Available        |      100|  90|  41600|  20800|    0|
+-----------------+---------+----+-------+-------+-----+
|Utilization (%)  |        0|   0|     ~0|      2|    0|
+-----------------+---------+----+-------+-------+-----+

+ Detail: 
    * Instance: 
    +---------------+-------+---------+----+----+-----+-----+
    |    Instance   | Module| BRAM_18K| DSP| FF | LUT | URAM|
    +---------------+-------+---------+----+----+-----+-----+
    |grp_nnd_fu_57  |nnd    |        0|   0|  80|  388|    0|
    +---------------+-------+---------+----+----+-----+-----+
    |Total          |       |        0|   0|  80|  388|    0|
    +---------------+-------+---------+----+----+-----+-----+

    * DSP: 
    N/A

    * Memory: 
    N/A

    * FIFO: 
    N/A

    * Expression: 
    N/A

    * Multiplexer: 
    +-----------------+----+-----------+-----+-----------+
    |       Name      | LUT| Input Size| Bits| Total Bits|
    +-----------------+----+-----------+-----+-----------+
    |ap_NS_fsm        |  37|          9|    1|          9|
    |grp_nnd_fu_57_a  |  17|          4|    1|          4|
    |grp_nnd_fu_57_b  |  17|          4|    1|          4|
    +-----------------+----+-----------+-----+-----------+
    |Total            |  71|         17|    3|         17|
    +-----------------+----+-----------+-----+-----------+

    * Register: 
    +----------------------------+---+----+-----+-----------+
    |            Name            | FF| LUT| Bits| Const Bits|
    +----------------------------+---+----+-----+-----------+
    |A_reg_85                    |  1|   0|    1|          0|
    |B_reg_90                    |  1|   0|    1|          0|
    |C_reg_95                    |  1|   0|    1|          0|
    |a_read_reg_80               |  1|   0|    1|          0|
    |ap_CS_fsm                   |  8|   0|    8|          0|
    |b_read_reg_74               |  1|   0|    1|          0|
    |grp_nnd_fu_57_ap_start_reg  |  1|   0|    1|          0|
    +----------------------------+---+----+-----+-----------+
    |Total                       | 14|   0|   14|          0|
    +----------------------------+---+----+-----+-----------+



================================================================
== Interface
================================================================
* Summary: 
+----------+-----+-----+--------------+--------------+--------------+
| RTL Ports| Dir | Bits|   Protocol   | Source Object|    C Type    |
+----------+-----+-----+--------------+--------------+--------------+
|ap_clk    |   in|    1|  ap_ctrl_none|          xorg|  return value|
|ap_rst    |   in|    1|  ap_ctrl_none|          xorg|  return value|
|a         |   in|    1|       ap_none|             a|        scalar|
|b         |   in|    1|       ap_none|             b|        scalar|
|c         |  out|    1|       ap_none|             c|       pointer|
+----------+-----+-----+--------------+--------------+--------------+

